<html>
<body>
<pre>
<h1>礦ision Build Log</h1>
<h2>Tool Versions:</h2>
IDE-Version: μVision V5.36.0.0
Copyright (C) 2021 ARM Ltd and ARM Germany GmbH. All rights reserved.
License Information: w wyj1119, CDUT, LIC=GMZI6-DP3BG-IIN5V-P3T23-8MH34-G29SC
 
Tool Versions:
Toolchain:       MDK-ARM Plus  Version: 5.36.0.0
Toolchain Path:  E:\keil-arm\ARM\ARMCC\Bin
C Compiler:      Armcc.exe V5.06 update 7 (build 960)
Assembler:       Armasm.exe V5.06 update 7 (build 960)
Linker/Locator:  ArmLink.exe V5.06 update 7 (build 960)
Library Manager: ArmAr.exe V5.06 update 7 (build 960)
Hex Converter:   FromElf.exe V5.06 update 7 (build 960)
CPU DLL:         SARMCM3.DLL V5.36.0.0
Dialog DLL:      DCM.DLL V1.17.3.0
Target DLL:      STLink\ST-LINKIII-KEIL_SWO.dll V3.0.9.0
Dialog DLL:      TCM.DLL V1.53.0.0
 
<h2>Project:</h2>
E:\嵌入式大赛\提交作品\code\mfcc\MDK-ARM\mfcc.uvprojx
Project File Date:  07/11/2023

<h2>Output:</h2>
*** Using Compiler 'V5.06 update 7 (build 960)', folder: 'E:\keil-arm\ARM\ARMCC\Bin'
Build target 'mfcc'
compiling app_x-cube-ai.c...
linking...
Program Size: Code=45216 RO-data=227864 RW-data=2636 ZI-data=372016  
FromELF: creating hex file...
"mfcc\mfcc.axf" - 0 Error(s), 0 Warning(s).

<h2>Software Packages used:</h2>

Package Vendor: ARM
                http://www.keil.com/pack/ARM.CMSIS.5.8.0.pack
                ARM.CMSIS.5.8.0
                CMSIS (Common Microcontroller Software Interface Standard)
   * Component: CORE Version: 5.5.0

Package Vendor: ARM
                https://www.keil.com/pack/ARM.CMSIS-DSP.1.14.4.pack
                ARM.CMSIS-DSP.1.14.4
                CMSIS Embedded Compute Library
   * Component: DSP Variant: Source Version: 1.14.4

Package Vendor: Keil
                http://www.keil.com/pack/Keil.STM32H7xx_DFP.3.0.0.pack
                Keil.STM32H7xx_DFP.3.0.0
                STMicroelectronics STM32H7 Series Device Support and Examples

<h2>Collection of Component include folders:</h2>
  .\RTE\_mfcc
  E:\keil-arm\ARM\CMSIS-DSP\1.14.4\Include
  E:\keil-arm\ARM\CMSIS-DSP\1.14.4\PrivateInclude
  E:\keil-arm\ARM\CMSIS\5.8.0\CMSIS\Core\Include
  E:\keil-arm\Keil\STM32H7xx_DFP\3.0.0\Drivers\CMSIS\Device\ST\STM32H7xx\Include

<h2>Collection of Component Files used:</h2>

   * Component: ARM::CMSIS:CORE:5.5.0
      Include file:  CMSIS\Core\Include\tz_context.h

   * Component: ARM::CMSIS:DSP:Source:1.14.4
      Source file:   Source\StatisticsFunctions\StatisticsFunctionsF16.c
      Source file:   Source\SVMFunctions\SVMFunctionsF16.c
      Source file:   Source\DistanceFunctions\DistanceFunctionsF16.c
      Source file:   Source\TransformFunctions\TransformFunctions.c
      Source file:   Source\ComplexMathFunctions\ComplexMathFunctionsF16.c
      Source file:   Source\TransformFunctions\TransformFunctionsF16.c
      Source file:   Source\InterpolationFunctions\InterpolationFunctions.c
      Source file:   Source\CommonTables\CommonTablesF16.c
      Source file:   Source\MatrixFunctions\MatrixFunctionsF16.c
      Source file:   Source\SupportFunctions\SupportFunctions.c
      Source file:   Source\FilteringFunctions\FilteringFunctionsF16.c
      Source file:   Source\InterpolationFunctions\InterpolationFunctionsF16.c
      Source file:   Source\FastMathFunctions\FastMathFunctionsF16.c
      Source file:   Source\BasicMathFunctions\BasicMathFunctionsF16.c
      Source file:   Source\SVMFunctions\SVMFunctions.c
      Source file:   Source\BayesFunctions\BayesFunctionsF16.c
      Source file:   Source\SupportFunctions\SupportFunctionsF16.c
      Include file:  Include\arm_math_f16.h
      Include file:  Include\arm_math.h
      Include file:  Include\arm_common_tables.h
      Include file:  Include\arm_common_tables_f16.h
      Include file:  Include\arm_const_structs_f16.h
      Source file:   Source\DistanceFunctions\DistanceFunctions.c
      Source file:   Source\FilteringFunctions\FilteringFunctions.c
      Source file:   Source\QuaternionMathFunctions\QuaternionMathFunctions.c
      Source file:   Source\MatrixFunctions\MatrixFunctions.c
      Source file:   Source\ControllerFunctions\ControllerFunctions.c
      Source file:   Source\StatisticsFunctions\StatisticsFunctions.c
      Source file:   Source\CommonTables\CommonTables.c
      Source file:   Source\FastMathFunctions\FastMathFunctions.c
      Include file:  Include\arm_const_structs.h
      Source file:   Source\BasicMathFunctions\BasicMathFunctions.c
      Source file:   Source\BayesFunctions\BayesFunctions.c
      Source file:   Source\ComplexMathFunctions\ComplexMathFunctions.c
Build Time Elapsed:  00:00:06
</pre>
</body>
</html>
