Component: ARM Compiler 5.06 update 7 (build 960) Tool: armlink [4d3601]

==============================================================================

Section Cross References

    startup_stm32h723xx.o(RESET) refers to startup_stm32h723xx.o(STACK) for __initial_sp
    startup_stm32h723xx.o(RESET) refers to startup_stm32h723xx.o(.text) for Reset_Handler
    startup_stm32h723xx.o(RESET) refers to stm32h7xx_it.o(i.NMI_Handler) for NMI_Handler
    startup_stm32h723xx.o(RESET) refers to stm32h7xx_it.o(i.HardFault_Handler) for HardFault_Handler
    startup_stm32h723xx.o(RESET) refers to stm32h7xx_it.o(i.MemManage_Handler) for MemManage_Handler
    startup_stm32h723xx.o(RESET) refers to stm32h7xx_it.o(i.BusFault_Handler) for BusFault_Handler
    startup_stm32h723xx.o(RESET) refers to stm32h7xx_it.o(i.UsageFault_Handler) for UsageFault_Handler
    startup_stm32h723xx.o(RESET) refers to stm32h7xx_it.o(i.SVC_Handler) for SVC_Handler
    startup_stm32h723xx.o(RESET) refers to stm32h7xx_it.o(i.DebugMon_Handler) for DebugMon_Handler
    startup_stm32h723xx.o(RESET) refers to stm32h7xx_it.o(i.PendSV_Handler) for PendSV_Handler
    startup_stm32h723xx.o(RESET) refers to stm32h7xx_it.o(i.SysTick_Handler) for SysTick_Handler
    startup_stm32h723xx.o(RESET) refers to stm32h7xx_it.o(i.DMA1_Stream0_IRQHandler) for DMA1_Stream0_IRQHandler
    startup_stm32h723xx.o(RESET) refers to stm32h7xx_it.o(i.TIM3_IRQHandler) for TIM3_IRQHandler
    startup_stm32h723xx.o(RESET) refers to stm32h7xx_it.o(i.TIM4_IRQHandler) for TIM4_IRQHandler
    startup_stm32h723xx.o(RESET) refers to stm32h7xx_it.o(i.USART1_IRQHandler) for USART1_IRQHandler
    startup_stm32h723xx.o(RESET) refers to stm32h7xx_it.o(i.USART2_IRQHandler) for USART2_IRQHandler
    startup_stm32h723xx.o(RESET) refers to stm32h7xx_it.o(i.DMA2_Stream0_IRQHandler) for DMA2_Stream0_IRQHandler
    startup_stm32h723xx.o(RESET) refers to stm32h7xx_it.o(i.DMA2_Stream1_IRQHandler) for DMA2_Stream1_IRQHandler
    startup_stm32h723xx.o(.text) refers to system_stm32h7xx.o(i.SystemInit) for SystemInit
    startup_stm32h723xx.o(.text) refers to entry.o(.ARM.Collect$$$$00000000) for __main
    network.o(i.ai_network_create) refers to ai_platform_interface.o(i.ai_platform_network_create) for ai_platform_network_create
    network.o(i.ai_network_create) refers to network.o(.data) for .data
    network.o(i.ai_network_create_and_init) refers to network.o(i.ai_network_create) for ai_network_create
    network.o(i.ai_network_create_and_init) refers to network_data.o(i.ai_network_data_params_get) for ai_network_data_params_get
    network.o(i.ai_network_create_and_init) refers to network.o(i.ai_network_get_error) for ai_network_get_error
    network.o(i.ai_network_create_and_init) refers to ai_platform.o(i.ai_buffer_array_item_set_address) for ai_buffer_array_item_set_address
    network.o(i.ai_network_create_and_init) refers to network.o(i.ai_network_init) for ai_network_init
    network.o(i.ai_network_destroy) refers to ai_platform_interface.o(i.ai_platform_network_destroy) for ai_platform_network_destroy
    network.o(i.ai_network_forward) refers to ai_platform_interface.o(i.ai_platform_network_process) for ai_platform_network_process
    network.o(i.ai_network_get_error) refers to ai_platform_interface.o(i.ai_platform_network_get_error) for ai_platform_network_get_error
    network.o(i.ai_network_get_info) refers to ai_platform_interface.o(i.ai_platform_context_acquire) for ai_platform_context_acquire
    network.o(i.ai_network_get_info) refers to memcpya.o(.text) for __aeabi_memcpy4
    network.o(i.ai_network_get_info) refers to ai_platform_interface.o(i.ai_platform_runtime_get_revision) for ai_platform_runtime_get_revision
    network.o(i.ai_network_get_info) refers to ai_platform_interface.o(i.ai_platform_runtime_get_version) for ai_platform_runtime_get_version
    network.o(i.ai_network_get_info) refers to ai_platform_interface.o(i.ai_platform_api_get_version) for ai_platform_api_get_version
    network.o(i.ai_network_get_info) refers to ai_platform_interface.o(i.ai_platform_interface_api_get_version) for ai_platform_interface_api_get_version
    network.o(i.ai_network_get_info) refers to ai_platform_interface.o(i.ai_platform_api_get_network_report) for ai_platform_api_get_network_report
    network.o(i.ai_network_get_info) refers to network.o(.constdata) for .constdata
    network.o(i.ai_network_get_report) refers to ai_platform_interface.o(i.ai_platform_context_acquire) for ai_platform_context_acquire
    network.o(i.ai_network_get_report) refers to memcpya.o(.text) for __aeabi_memcpy4
    network.o(i.ai_network_get_report) refers to ai_platform_interface.o(i.ai_platform_runtime_get_revision) for ai_platform_runtime_get_revision
    network.o(i.ai_network_get_report) refers to ai_platform_interface.o(i.ai_platform_runtime_get_version) for ai_platform_runtime_get_version
[...]
    HAL_TIMEx_Break2Callback                 0x08004659   Thumb Code     2  stm32h7xx_hal_tim_ex.o(i.HAL_TIMEx_Break2Callback)
    HAL_TIMEx_BreakCallback                  0x0800465b   Thumb Code     2  stm32h7xx_hal_tim_ex.o(i.HAL_TIMEx_BreakCallback)
    HAL_TIMEx_CommutCallback                 0x0800465d   Thumb Code     2  stm32h7xx_hal_tim_ex.o(i.HAL_TIMEx_CommutCallback)
    HAL_TIMEx_MasterConfigSynchronization    0x08004661   Thumb Code   146  stm32h7xx_hal_tim_ex.o(i.HAL_TIMEx_MasterConfigSynchronization)
    HAL_TIM_Base_Init                        0x08004719   Thumb Code    98  stm32h7xx_hal_tim.o(i.HAL_TIM_Base_Init)
    HAL_TIM_Base_MspInit                     0x0800477d   Thumb Code    86  tim.o(i.HAL_TIM_Base_MspInit)
    HAL_TIM_Base_Start_IT                    0x080047e1   Thumb Code   118  stm32h7xx_hal_tim.o(i.HAL_TIM_Base_Start_IT)
    HAL_TIM_ConfigClockSource                0x08004881   Thumb Code   248  stm32h7xx_hal_tim.o(i.HAL_TIM_ConfigClockSource)
    HAL_TIM_IC_CaptureCallback               0x0800497d   Thumb Code     2  stm32h7xx_hal_tim.o(i.HAL_TIM_IC_CaptureCallback)
    HAL_TIM_IRQHandler                       0x0800497f   Thumb Code   386  stm32h7xx_hal_tim.o(i.HAL_TIM_IRQHandler)
    HAL_TIM_OC_DelayElapsedCallback          0x08004b01   Thumb Code     2  stm32h7xx_hal_tim.o(i.HAL_TIM_OC_DelayElapsedCallback)
    HAL_TIM_PWM_PulseFinishedCallback        0x08004b03   Thumb Code     2  stm32h7xx_hal_tim.o(i.HAL_TIM_PWM_PulseFinishedCallback)
    HAL_TIM_PeriodElapsedCallback            0x08004b05   Thumb Code    58  main.o(i.HAL_TIM_PeriodElapsedCallback)
    HAL_TIM_TriggerCallback                  0x08004b4d   Thumb Code     2  stm32h7xx_hal_tim.o(i.HAL_TIM_TriggerCallback)
    HAL_UARTEx_DisableFifoMode               0x08004b4f   Thumb Code    64  stm32h7xx_hal_uart_ex.o(i.HAL_UARTEx_DisableFifoMode)
    HAL_UARTEx_RxEventCallback               0x08004b8f   Thumb Code     2  stm32h7xx_hal_uart.o(i.HAL_UARTEx_RxEventCallback)
    HAL_UARTEx_RxFifoFullCallback            0x08004b91   Thumb Code     2  stm32h7xx_hal_uart_ex.o(i.HAL_UARTEx_RxFifoFullCallback)
    HAL_UARTEx_SetRxFifoThreshold            0x08004b93   Thumb Code    76  stm32h7xx_hal_uart_ex.o(i.HAL_UARTEx_SetRxFifoThreshold)
    HAL_UARTEx_SetTxFifoThreshold            0x08004bdf   Thumb Code    76  stm32h7xx_hal_uart_ex.o(i.HAL_UARTEx_SetTxFifoThreshold)
    HAL_UARTEx_TxFifoEmptyCallback           0x08004c2b   Thumb Code     2  stm32h7xx_hal_uart_ex.o(i.HAL_UARTEx_TxFifoEmptyCallback)
    HAL_UARTEx_WakeupCallback                0x08004c2d   Thumb Code     2  stm32h7xx_hal_uart_ex.o(i.HAL_UARTEx_WakeupCallback)
    HAL_UART_ErrorCallback                   0x08004c2f   Thumb Code     2  stm32h7xx_hal_uart.o(i.HAL_UART_ErrorCallback)
    HAL_UART_IRQHandler                      0x08004c31   Thumb Code   878  stm32h7xx_hal_uart.o(i.HAL_UART_IRQHandler)
    HAL_UART_Init                            0x08004fb9   Thumb Code   106  stm32h7xx_hal_uart.o(i.HAL_UART_Init)
    HAL_UART_MspInit                         0x08005025   Thumb Code   400  usart.o(i.HAL_UART_MspInit)
    HAL_UART_Transmit                        0x080051d5   Thumb Code   176  stm32h7xx_hal_uart.o(i.HAL_UART_Transmit)
    HAL_UART_TxCpltCallback                  0x08005285   Thumb Code     2  stm32h7xx_hal_uart.o(i.HAL_UART_TxCpltCallback)
    HardFault_Handler                        0x08005287   Thumb Code     2  stm32h7xx_it.o(i.HardFault_Handler)
    Init_beep                                0x080052dd   Thumb Code    52  main.o(i.Init_beep)
    Init_my_mfcc                             0x08005315   Thumb Code    50  get_mfcc.o(i.Init_my_mfcc)
    MX_CRC_Init                              0x08005385   Thumb Code    40  crc.o(i.MX_CRC_Init)
    MX_DMA_Init                              0x080053b5   Thumb Code    88  dma.o(i.MX_DMA_Init)
    MX_GPIO_Init                             0x08005411   Thumb Code   402  gpio.o(i.MX_GPIO_Init)
    MX_I2S1_Init                             0x080055c1   Thumb Code    56  i2s.o(i.MX_I2S1_Init)
    MX_I2S2_Init                             0x08005601   Thumb Code    56  i2s.o(i.MX_I2S2_Init)
    MX_I2S3_Init                             0x08005641   Thumb Code    56  i2s.o(i.MX_I2S3_Init)
    MX_TIM3_Init                             0x08005681   Thumb Code    96  tim.o(i.MX_TIM3_Init)
    MX_TIM4_Init                             0x080056e9   Thumb Code    94  tim.o(i.MX_TIM4_Init)
    MX_USART1_UART_Init                      0x08005751   Thumb Code    94  usart.o(i.MX_USART1_UART_Init)
    MX_USART2_UART_Init                      0x080057b9   Thumb Code    94  usart.o(i.MX_USART2_UART_Init)
    MX_USART3_UART_Init                      0x08005821   Thumb Code    94  usart.o(i.MX_USART3_UART_Init)
    MX_USB_OTG_HS_USB_Init                   0x08005889   Thumb Code     2  usb_otg.o(i.MX_USB_OTG_HS_USB_Init)
    MX_X_CUBE_AI_Init                        0x0800588d   Thumb Code     6  app_x-cube-ai.o(i.MX_X_CUBE_AI_Init)
    MX_X_CUBE_AI_Process                     0x08005899   Thumb Code    64  app_x-cube-ai.o(i.MX_X_CUBE_AI_Process)
    MemManage_Handler                        0x08005905   Thumb Code     2  stm32h7xx_it.o(i.MemManage_Handler)
    NMI_Handler                              0x08005907   Thumb Code     2  stm32h7xx_it.o(i.NMI_Handler)
    PendSV_Handler                           0x08005909   Thumb Code     2  stm32h7xx_it.o(i.PendSV_Handler)
    SVC_Handler                              0x08005b4d   Thumb Code     2  stm32h7xx_it.o(i.SVC_Handler)
    SysTick_Handler                          0x08005b4f   Thumb Code     4  stm32h7xx_it.o(i.SysTick_Handler)
    SystemClock_Config                       0x08005b55   Thumb Code   150  main.o(i.SystemClock_Config)
    SystemInit                               0x08005bf1   Thumb Code   158  system_stm32h7xx.o(i.SystemInit)
    TIM3_IRQHandler                          0x08005cb1   Thumb Code     6  stm32h7xx_it.o(i.TIM3_IRQHandler)
    TIM4_IRQHandler                          0x08005cbd   Thumb Code     6  stm32h7xx_it.o(i.TIM4_IRQHandler)
    TIM_Base_SetConfig                       0x08005cc9   Thumb Code   174  stm32h7xx_hal_tim.o(i.TIM_Base_SetConfig)
    TIM_ETR_SetConfig                        0x08005da1   Thumb Code    18  stm32h7xx_hal_tim.o(i.TIM_ETR_SetConfig)
    UART_AdvFeatureConfig                    0x08005e55   Thumb Code   200  stm32h7xx_hal_uart.o(i.UART_AdvFeatureConfig)
    UART_CheckIdleState                      0x08005f1d   Thumb Code   170  stm32h7xx_hal_uart.o(i.UART_CheckIdleState)
    UART_SetConfig                           0x08006031   Thumb Code   914  stm32h7xx_hal_uart.o(i.UART_SetConfig)
    UART_WaitOnFlagUntilTimeout              0x0800640d   Thumb Code   140  stm32h7xx_hal_uart.o(i.UART_WaitOnFlagUntilTimeout)
    USART1_IRQHandler                        0x08006499   Thumb Code     6  stm32h7xx_it.o(i.USART1_IRQHandler)
    USART2_IRQHandler                        0x080064a5   Thumb Code     6  stm32h7xx_it.o(i.USART2_IRQHandler)
    USART_printf                             0x080064b1   Thumb Code    42  usart.o(i.USART_printf)
    UsageFault_Handler                       0x080064e1   Thumb Code     2  stm32h7xx_it.o(i.UsageFault_Handler)
    __0printf                                0x080064e5   Thumb Code    22  printfa.o(i.__0printf)
    __1printf                                0x080064e5   Thumb Code     0  printfa.o(i.__0printf)
    __2printf                                0x080064e5   Thumb Code     0  printfa.o(i.__0printf)
    __c89printf                              0x080064e5   Thumb Code     0  printfa.o(i.__0printf)
    printf                                   0x080064e5   Thumb Code     0  printfa.o(i.__0printf)
    __0vsprintf                              0x08006505   Thumb Code    30  printfa.o(i.__0vsprintf)
    __1vsprintf                              0x08006505   Thumb Code     0  printfa.o(i.__0vsprintf)
    __2vsprintf                              0x08006505   Thumb Code     0  printfa.o(i.__0vsprintf)
    __c89vsprintf                            0x08006505   Thumb Code     0  printfa.o(i.__0vsprintf)
    vsprintf                                 0x08006505   Thumb Code     0  printfa.o(i.__0vsprintf)
    __ARM_fpclassifyf                        0x08006529   Thumb Code    38  fpclassifyf.o(i.__ARM_fpclassifyf)
    free                                     0x08006669   Thumb Code    88  mallocr.o(i.__free$realloc)
    __hardfp_expf                            0x080066c5   Thumb Code   426  expf.o(i.__hardfp_expf)
    __mathlib_expf                           0x080066c5   Thumb Code     0  expf.o(i.__hardfp_expf)
    __hardfp_logf                            0x080068b9   Thumb Code   324  logf.o(i.__hardfp_logf)
    __mathlib_logf                           0x080068b9   Thumb Code     0  logf.o(i.__hardfp_logf)
    __hardfp_sqrt                            0x08006a35   Thumb Code   102  sqrt.o(i.__hardfp_sqrt)
    malloc                                   0x08006a9d   Thumb Code    64  mallocr.o(i.__malloc$realloc)
    __mathlib_flt_divzero                    0x08006aed   Thumb Code    14  funder.o(i.__mathlib_flt_divzero)
    __mathlib_flt_infnan                     0x08006b05   Thumb Code     6  funder.o(i.__mathlib_flt_infnan)
    __mathlib_flt_invalid                    0x08006b0d   Thumb Code    10  funder.o(i.__mathlib_flt_invalid)
    __mathlib_flt_overflow                   0x08006b1d   Thumb Code    10  funder.o(i.__mathlib_flt_overflow)
    __mathlib_flt_underflow                  0x08006b2d   Thumb Code    10  funder.o(i.__mathlib_flt_underflow)
    __scatterload_copy                       0x08006b3d   Thumb Code    14  handlers.o(i.__scatterload_copy)
    __scatterload_null                       0x08006b4b   Thumb Code     2  handlers.o(i.__scatterload_null)
    __scatterload_zeroinit                   0x08006b4d   Thumb Code    14  handlers.o(i.__scatterload_zeroinit)
    __set_errno                              0x08006b5d   Thumb Code     6  errno.o(i.__set_errno)
    _ai_platform_acquire_crc                 0x08006da7   Thumb Code     4  ai_platform_interface.o(i._ai_platform_acquire_crc)
    _ai_platform_release_crc                 0x08006e8d   Thumb Code     2  ai_platform_interface.o(i._ai_platform_release_crc)
    acquire_and_process_data                 0x08007bf9   Thumb Code    30  app_x-cube-ai.o(i.acquire_and_process_data)
    ai_array_get_byte_size                   0x08007c1d   Thumb Code    60  ai_datatypes_format.o(i.ai_array_get_byte_size)
    ai_array_get_data_byte_size              0x08007c59   Thumb Code    30  ai_datatypes_format.o(i.ai_array_get_data_byte_size)
    ai_array_to_buffer_fmt                   0x08007c79   Thumb Code   246  ai_datatypes_format.o(i.ai_array_to_buffer_fmt)
    ai_buffer_array_item_set_address         0x08007e09   Thumb Code    36  ai_platform.o(i.ai_buffer_array_item_set_address)
    ai_buffer_array_sane                     0x08007e2d   Thumb Code    18  ai_platform.o(i.ai_buffer_array_sane)
    ai_buffer_get_size                       0x08007e41   Thumb Code    96  ai_platform.o(i.ai_buffer_get_size)
    ai_check_custom_types                    0x08007ea9   Thumb Code    38  layers.o(i.ai_check_custom_types)
    ai_dict_decompress_f32                   0x08008565   Thumb Code   122  layers_conv2d_generic_float.o(i.ai_dict_decompress_f32)
    ai_layers_forward_all                    0x080085df   Thumb Code    80  layers.o(i.ai_layers_forward_all)
    ai_layers_init_all                       0x0800862f   Thumb Code    30  layers.o(i.ai_layers_init_all)
    ai_layers_post_init_all                  0x0800864d   Thumb Code    54  layers.o(i.ai_layers_post_init_all)
    ai_network_create                        0x08008709   Thumb Code    20  network.o(i.ai_network_create)
    ai_network_create_and_init               0x08008721   Thumb Code   132  network.o(i.ai_network_create_and_init)
    ai_network_data_params_get               0x080087a5   Thumb Code    36  network_data.o(i.ai_network_data_params_get)
    ai_network_get_error                     0x080087cd   Thumb Code     4  network.o(i.ai_network_get_error)
    ai_network_init                          0x080087d1   Thumb Code    48  network.o(i.ai_network_init)
    ai_network_inputs_get                    0x08008801   Thumb Code    12  network.o(i.ai_network_inputs_get)
    ai_network_outputs_get                   0x08008815   Thumb Code    12  network.o(i.ai_network_outputs_get)
    ai_network_run                           0x08008829   Thumb Code     4  network.o(i.ai_network_run)
    ai_platform_bind_network_params          0x0800882d   Thumb Code    38  ai_platform_interface.o(i.ai_platform_bind_network_params)
    ai_platform_context_acquire              0x08008859   Thumb Code    24  ai_platform_interface.o(i.ai_platform_context_acquire)
    ai_platform_get_activations_map          0x08008875   Thumb Code    38  ai_platform_interface.o(i.ai_platform_get_activations_map)
    ai_platform_get_weights_map              0x080088a1   Thumb Code    36  ai_platform_interface.o(i.ai_platform_get_weights_map)
    ai_platform_inputs_get                   0x080088c9   Thumb Code    66  ai_platform_interface.o(i.ai_platform_inputs_get)
    ai_platform_interface_api_get_version    0x0800890d   Thumb Code    14  ai_platform_interface.o(i.ai_platform_interface_api_get_version)
    ai_platform_network_create               0x08008921   Thumb Code   168  ai_platform_interface.o(i.ai_platform_network_create)
    ai_platform_network_get_error            0x080089d5   Thumb Code    24  ai_platform_interface.o(i.ai_platform_network_get_error)
    ai_platform_network_init                 0x080089f1   Thumb Code   256  ai_platform_interface.o(i.ai_platform_network_init)
    ai_platform_network_post_init            0x08008afd   Thumb Code    70  ai_platform_interface.o(i.ai_platform_network_post_init)
    ai_platform_network_process              0x08008b43   Thumb Code    84  ai_platform_interface.o(i.ai_platform_network_process)
    ai_platform_network_set_error            0x08008b97   Thumb Code    12  ai_platform_interface.o(i.ai_platform_network_set_error)
    ai_platform_outputs_get                  0x08008ba3   Thumb Code    72  ai_platform_interface.o(i.ai_platform_outputs_get)
    ai_version_get                           0x08008c05   Thumb Code    12  ai_datatypes_internal.o(i.ai_version_get)
    arm_absmax_f32                           0x08008c11   Thumb Code    54  statisticsfunctions.o(i.arm_absmax_f32)
    arm_bitreversal_32                       0x08008c49   Thumb Code    62  transformfunctions.o(i.arm_bitreversal_32)
    arm_cfft_f32                             0x08008c87   Thumb Code   204  transformfunctions.o(i.arm_cfft_f32)
    arm_cfft_init_f32                        0x08008d55   Thumb Code   112  transformfunctions.o(i.arm_cfft_init_f32)
    arm_cfft_radix8by2_f32                   0x08008de9   Thumb Code   402  transformfunctions.o(i.arm_cfft_radix8by2_f32)
    arm_cfft_radix8by4_f32                   0x08008f7d   Thumb Code  1114  transformfunctions.o(i.arm_cfft_radix8by4_f32)
    arm_cmplx_mag_f32                        0x080093d9   Thumb Code    62  complexmathfunctions.o(i.arm_cmplx_mag_f32)
    arm_dot_prod_f32                         0x0800941d   Thumb Code    32  basicmathfunctions.o(i.arm_dot_prod_f32)
    arm_mat_vec_mult_f32                     0x08009441   Thumb Code   248  matrixfunctions.o(i.arm_mat_vec_mult_f32)
    arm_max_f32                              0x0800953d   Thumb Code    46  statisticsfunctions.o(i.arm_max_f32)
    arm_mfcc_f32                             0x0800956d   Thumb Code   234  transformfunctions.o(i.arm_mfcc_f32)
    arm_mfcc_init_f32                        0x08009661   Thumb Code    34  transformfunctions.o(i.arm_mfcc_init_f32)
    arm_mult_f32                             0x08009685   Thumb Code    28  basicmathfunctions.o(i.arm_mult_f32)
    arm_offset_f32                           0x080096a1   Thumb Code    24  basicmathfunctions.o(i.arm_offset_f32)
    arm_radix8_butterfly_f32                 0x080096b9   Thumb Code  1212  transformfunctions.o(i.arm_radix8_butterfly_f32)
    arm_rfft_fast_f32                        0x08009cc5   Thumb Code    54  transformfunctions.o(i.arm_rfft_fast_f32)
    arm_rfft_fast_init_f32                   0x08009cfd   Thumb Code    86  transformfunctions.o(i.arm_rfft_fast_init_f32)
    arm_scale_f32                            0x08009d75   Thumb Code    24  basicmathfunctions.o(i.arm_scale_f32)
    arm_vlog_f32                             0x08009d8d   Thumb Code    32  fastmathfunctions.o(i.arm_vlog_f32)
    cal_mfcc                                 0x08009dad   Thumb Code   180  get_mfcc.o(i.cal_mfcc)
    cal_tdoa                                 0x08009e65   Thumb Code   350  get_tdoa.o(i.cal_tdoa)
    core_get_error                           0x0800a001   Thumb Code    12  core_common.o(i.core_get_error)
    core_init                                0x0800a00d   Thumb Code     4  core_common.o(i.core_init)
    core_set_error                           0x0800a045   Thumb Code    26  core_common.o(i.core_set_error)
    dot_prod_A_dot_conjB                     0x0800a05f   Thumb Code    88  get_tdoa.o(i.dot_prod_A_dot_conjB)
    findMode                                 0x0800a0b7   Thumb Code    56  app_x-cube-ai.o(i.findMode)
    forward_ap                               0x0800a0ef   Thumb Code   374  layers_pool_generic_float.o(i.forward_ap)
    forward_conv2d_nl_pool                   0x0800a265   Thumb Code  1146  layers_conv2d_generic_float.o(i.forward_conv2d_nl_pool)
    forward_dense                            0x0800a6e5   Thumb Code   488  layers_conv2d_generic_float.o(i.forward_dense)
    forward_sm                               0x0800a8d1   Thumb Code   112  layers_nl_generic_float.o(i.forward_sm)
    fputc                                    0x0800a941   Thumb Code    20  main.o(i.fputc)
    get_max_rxy                              0x0800a95d   Thumb Code    52  get_tdoa.o(i.get_max_rxy)
    get_tensor_byte_size                     0x0800a995   Thumb Code    34  ai_datatypes_internal.o(i.get_tensor_byte_size)
    lite_dense_if32of32wf32                  0x0800aa0d   Thumb Code   120  lite_dense_if32.o(i.lite_dense_if32of32wf32)
    main                                     0x0800aa89   Thumb Code   304  main.o(i.main)
    merge_rfft_f32                           0x0800abe5   Thumb Code   160  transformfunctions.o(i.merge_rfft_f32)
    nl_func_relu_array_f32                   0x0800ae05   Thumb Code    52  layers_nl_generic_float.o(i.nl_func_relu_array_f32)
    pool_func_ap_kernel_array_f32            0x0800ae3d   Thumb Code   124  layers_pool_generic_float.o(i.pool_func_ap_kernel_array_f32)
    pool_func_mp_array_f32                   0x0800aeb9   Thumb Code   412  layers_pool_generic_float.o(i.pool_func_mp_array_f32)
    post_process                             0x0800b059   Thumb Code   282  app_x-cube-ai.o(i.post_process)
    stage_rfft_f32                           0x0800b1c9   Thumb Code   166  transformfunctions.o(i.stage_rfft_f32)
    trans_24_cmpl_src                        0x0800b26f   Thumb Code    26  main.o(i.trans_24_cmpl_src)
    trans_audio_ori_1_to_float               0x0800b289   Thumb Code    96  main.o(i.trans_audio_ori_1_to_float)
    trans_audio_ori_to_float                 0x0800b2fd   Thumb Code    92  main.o(i.trans_audio_ori_to_float)
    s_network_weights_array_u64              0x0800b420   Data       93968  network_data_params.o(.constdata)
    mfcc_dct_coefs_config1_f32               0x08022334   Data        8192  mfccdata.o(.constdata)
    mfcc_window_coefs_config1_f32            0x08024334   Data        2048  mfccdata.o(.constdata)
    mfcc_filter_pos_config1_f32              0x08024b34   Data         256  mfccdata.o(.constdata)
    mfcc_filter_len_config1_f32              0x08024c34   Data         256  mfccdata.o(.constdata)
    mfcc_filter_coefs_config1_f32            0x08024d34   Data        2000  mfccdata.o(.constdata)
    UARTPrescTable                           0x0802550c   Data          24  stm32h7xx_hal_uart.o(.constdata)
    D1CorePrescTable                         0x08025534   Data          16  system_stm32h7xx.o(.constdata)
    twiddleCoef_16                           0x08025544   Data         128  commontables.o(.constdata)
    twiddleCoef_32                           0x080255c4   Data         256  commontables.o(.constdata)
    twiddleCoef_64                           0x080256c4   Data         512  commontables.o(.constdata)
    twiddleCoef_128                          0x080258c4   Data        1024  commontables.o(.constdata)
    twiddleCoef_256                          0x08025cc4   Data        2048  commontables.o(.constdata)
    twiddleCoef_512                          0x080264c4   Data        4096  commontables.o(.constdata)
    twiddleCoef_1024                         0x080274c4   Data        8192  commontables.o(.constdata)
    twiddleCoef_2048                         0x080294c4   Data       16384  commontables.o(.constdata)
    twiddleCoef_4096                         0x0802d4c4   Data       32768  commontables.o(.constdata)
    armBitRevIndexTable16                    0x080354c4   Data          40  commontables.o(.constdata)
    armBitRevIndexTable32                    0x080354ec   Data          96  commontables.o(.constdata)
    armBitRevIndexTable64                    0x0803554c   Data         112  commontables.o(.constdata)
    armBitRevIndexTable128                   0x080355bc   Data         416  commontables.o(.constdata)
    armBitRevIndexTable256                   0x0803575c   Data         880  commontables.o(.constdata)
    armBitRevIndexTable512                   0x08035acc   Data         896  commontables.o(.constdata)
    armBitRevIndexTable1024                  0x08035e4c   Data        3600  commontables.o(.constdata)
    armBitRevIndexTable2048                  0x08036c5c   Data        7616  commontables.o(.constdata)
    armBitRevIndexTable4096                  0x08038a1c   Data        8064  commontables.o(.constdata)
    twiddleCoef_rfft_32                      0x0803a99c   Data         128  commontables.o(.constdata)
    twiddleCoef_rfft_64                      0x0803aa1c   Data         256  commontables.o(.constdata)
    twiddleCoef_rfft_128                     0x0803ab1c   Data         512  commontables.o(.constdata)
    twiddleCoef_rfft_256                     0x0803ad1c   Data        1024  commontables.o(.constdata)
    twiddleCoef_rfft_512                     0x0803b11c   Data        2048  commontables.o(.constdata)
    twiddleCoef_rfft_1024                    0x0803b91c   Data        4096  commontables.o(.constdata)
    twiddleCoef_rfft_2048                    0x0803c91c   Data        8192  commontables.o(.constdata)
    twiddleCoef_rfft_4096                    0x0803e91c   Data       16384  commontables.o(.constdata)
    arm_cfft_sR_f32_len16                    0x0804291c   Data          16  commontables.o(.constdata)
    arm_cfft_sR_f32_len32                    0x0804292c   Data          16  commontables.o(.constdata)
    arm_cfft_sR_f32_len64                    0x0804293c   Data          16  commontables.o(.constdata)
    arm_cfft_sR_f32_len128                   0x0804294c   Data          16  commontables.o(.constdata)
    arm_cfft_sR_f32_len256                   0x0804295c   Data          16  commontables.o(.constdata)
    arm_cfft_sR_f32_len512                   0x0804296c   Data          16  commontables.o(.constdata)
    arm_cfft_sR_f32_len1024                  0x0804297c   Data          16  commontables.o(.constdata)
    arm_cfft_sR_f32_len2048                  0x0804298c   Data          16  commontables.o(.constdata)
    arm_cfft_sR_f32_len4096                  0x0804299c   Data          16  commontables.o(.constdata)
    Region$$Table$$Base                      0x08042a88   Number         0  anon$$obj.o(Region$$Table)
    Region$$Table$$Limit                     0x08042ab8   Number         0  anon$$obj.o(Region$$Table)
    g_network_data_map_activations           0x200009c0   Data          28  network_data.o(.data)
    g_network_data_map_weights               0x200009dc   Data          28  network_data.o(.data)
    data_ins                                 0x200009fc   Data           4  app_x-cube-ai.o(.data)
    data_outs                                0x20000a00   Data           4  app_x-cube-ai.o(.data)
    data_activations0                        0x20000a04   Data           4  app_x-cube-ai.o(.data)
    flag_beep                                0x20000a14   Data           1  main.o(.data)
    flag_start_cal_tdoa                      0x20000a15   Data           1  main.o(.data)
    flag                                     0x20000a17   Data           3  main.o(.data)
    cnt_start_cal_tdoa                       0x20000a1a   Data           3  main.o(.data)
    audio_data                               0x20000a20   Data           4  main.o(.data)
    audio_data_1                             0x20000a24   Data           4  main.o(.data)
    uwTickFreq                               0x20000a28   Data           1  stm32h7xx_hal.o(.data)
    uwTickPrio                               0x20000a2c   Data           4  stm32h7xx_hal.o(.data)
    uwTick                                   0x20000a30   Data           4  stm32h7xx_hal.o(.data)
    SystemCoreClock                          0x20000a34   Data           4  system_stm32h7xx.o(.data)
    SystemD2Clock                            0x20000a38   Data           4  system_stm32h7xx.o(.data)
    __stdout                                 0x20000a3c   Data           4  stdout.o(.data)
    __microlib_freelist                      0x20000a40   Data           4  mvars.o(.data)
    __microlib_freelist_initialised          0x20000a44   Data           4  mvars.o(.data)
    dis_save                                 0x20000b38   Data          40  app_x-cube-ai.o(.bss)
    hcrc                                     0x20009b60   Data          36  crc.o(.bss)
    hi2s1                                    0x20009b84   Data          84  i2s.o(.bss)
    hi2s2                                    0x20009bd8   Data          84  i2s.o(.bss)
    hi2s3                                    0x20009c2c   Data          84  i2s.o(.bss)
    hdma_spi1_rx                             0x20009c80   Data         120  i2s.o(.bss)
    hdma_spi2_rx                             0x20009cf8   Data         120  i2s.o(.bss)
    hdma_spi3_rx                             0x20009d70   Data         120  i2s.o(.bss)
    htim3                                    0x20009de8   Data          76  tim.o(.bss)
    htim4                                    0x20009e34   Data          76  tim.o(.bss)
    huart1                                   0x20009f80   Data         148  usart.o(.bss)
    huart2                                   0x2000a014   Data         148  usart.o(.bss)
    huart3                                   0x2000a0a8   Data         148  usart.o(.bss)
    real_temp                                0x2000a13c   Data        8192  get_tdoa.o(.bss)
    imag_temp                                0x2000c13c   Data        8192  get_tdoa.o(.bss)
    __heap_base                              0x2000e140   Data           0  startup_stm32h723xx.o(HEAP)
    __heap_limit                             0x2000e140   Data           0  startup_stm32h723xx.o(HEAP)
    __initial_sp                             0x20010140   Data           0  startup_stm32h723xx.o(STACK)
    audio_data_ori                           0x24000000   Data       126720  main.o(.bss)
    audio_data_ori_1                         0x2401ef00   Data       126720  main.o(.bss)
    TDOA_M12_Str                             0x2403de00   Data       49156  main.o(.bss)
    S                                        0x24049e04   Data          56  main.o(.bss)
    mel_data                                 0x24049e3c   Data        6144  main.o(.bss)



==============================================================================

Memory Map of the image

  Image Entry point : 0x080002cd

  Load Region LR_IROM1 (Base: 0x08000000, Size: 0x00043504, Max: 0x00100000, ABSOLUTE, COMPRESSED[0x00042e34])

    Execution Region ER_IROM1 (Exec base: 0x08000000, Load base: 0x08000000, Size: 0x00042ab8, Max: 0x00100000, ABSOLUTE)

    Exec Addr    Load Addr    Size         Type   Attr      Idx    E Section Name        Object

    0x08000000   0x08000000   0x000002cc   Data   RO            3    RESET               startup_stm32h723xx.o
    0x080002cc   0x080002cc   0x00000000   Code   RO        12823  * .ARM.Collect$$$$00000000  mc_w.l(entry.o)
    0x080002cc   0x080002cc   0x00000004   Code   RO        13188    .ARM.Collect$$$$00000001  mc_w.l(entry2.o)
    0x080002d0   0x080002d0   0x00000004   Code   RO        13191    .ARM.Collect$$$$00000004  mc_w.l(entry5.o)
    0x080002d4   0x080002d4   0x00000000   Code   RO        13193    .ARM.Collect$$$$00000008  mc_w.l(entry7b.o)
    0x080002d4   0x080002d4   0x00000000   Code   RO        13195    .ARM.Collect$$$$0000000A  mc_w.l(entry8b.o)
    0x080002d4   0x080002d4   0x00000008   Code   RO        13196    .ARM.Collect$$$$0000000B  mc_w.l(entry9a.o)
    0x080002dc   0x080002dc   0x00000004   Code   RO        13203    .ARM.Collect$$$$0000000E  mc_w.l(entry12b.o)
    0x080002e0   0x080002e0   0x00000000   Code   RO        13198    .ARM.Collect$$$$0000000F  mc_w.l(entry10a.o)
    0x080002e0   0x080002e0   0x00000000   Code   RO        13200    .ARM.Collect$$$$00000011  mc_w.l(entry11a.o)
    0x080002e0   0x080002e0   0x00000004   Code   RO        13189    .ARM.Collect$$$$00002712  mc_w.l(entry2.o)
    0x080002e4   0x080002e4   0x00000024   Code   RO            4    .text               startup_stm32h723xx.o
    0x08000308   0x08000308   0x00000062   Code   RO        12826    .text               mc_w.l(uldiv.o)
    0x0800036a   0x0800036a   0x0000001e   Code   RO        12830    .text               mc_w.l(llshl.o)
    0x08000388   0x08000388   0x00000024   Code   RO        12832    .text               mc_w.l(llsshr.o)
    0x080003ac   0x080003ac   0x00000024   Code   RO        12834    .text               mc_w.l(memcpya.o)
    0x080003d0   0x080003d0   0x00000024   Code   RO        12836    .text               mc_w.l(memseta.o)
    0x080003f4   0x080003f4   0x0000000e   Code   RO        12838    .text               mc_w.l(strlen.o)
    0x08000402   0x08000402   0x0000001a   Code   RO        12840    .text               mc_w.l(memcmp.o)
    0x0800041c   0x0800041c   0x0000002c   Code   RO        13205    .text               mc_w.l(uidiv.o)
    0x08000448   0x08000448   0x00000020   Code   RO        13207    .text               mc_w.l(llushr.o)
    0x08000468   0x08000468   0x00000000   Code   RO        13218    .text               mc_w.l(iusefp.o)
    0x08000468   0x08000468   0x0000014e   Code   RO        13223    .text               mf_w.l(dadd.o)
    0x080005b6   0x080005b6   0x000000e4   Code   RO        13225    .text               mf_w.l(dmul.o)
    0x0800069a   0x0800069a   0x000000de   Code   RO        13227    .text               mf_w.l(ddiv.o)
    0x08000778   0x08000778   0x00000030   Code   RO        13229    .text               mf_w.l(dfixul.o)
    0x080007a8   0x080007a8   0x00000030   Code   RO        13231    .text               mf_w.l(cdrcmple.o)
    0x080007d8   0x080007d8   0x00000024   Code   RO        13235    .text               mc_w.l(init.o)
    0x080007fc   0x080007fc   0x000000ba   Code   RO        13239    .text               mf_w.l(depilogue.o)
    0x080008b6   0x080008b6   0x00000056   Code   RO        13249    .text               mc_w.l(__dczerorl2.o)
    0x0800090c   0x0800090c   0x00000002   Code   RO         1367    i.BusFault_Handler  stm32h7xx_it.o
    0x0800090e   0x0800090e   0x00000002   PAD
    0x08000910   0x08000910   0x000000f8   Code   RO        11683    i.CRC_Is_Enabled    NetworkRuntime730_CM7_Keil.lib(ai_platform_interface.o)
    0x08000a08   0x08000a08   0x000000f8   Code   RO        11684    i.CRC_Lock          NetworkRuntime730_CM7_Keil.lib(ai_platform_interface.o)
    0x08000b00   0x08000b00   0x0000000c   Code   RO         1368    i.DMA1_Stream0_IRQHandler  stm32h7xx_it.o
    0x08000b0c   0x08000b0c   0x0000000c   Code   RO         1369    i.DMA2_Stream0_IRQHandler  stm32h7xx_it.o
    0x08000b18   0x08000b18   0x0000000c   Code   RO         1370    i.DMA2_Stream1_IRQHandler  stm32h7xx_it.o
    0x08000b24   0x08000b24   0x000000b4   Code   RO         2437    i.DMA_CalcBaseAndBitshift  stm32h7xx_hal_dma.o
    0x08000bd8   0x08000bd8   0x0000009c   Code   RO         2438    i.DMA_CalcDMAMUXChannelBaseAndMask  stm32h7xx_hal_dma.o
    0x08000c74   0x08000c74   0x00000074   Code   RO         2439    i.DMA_CalcDMAMUXRequestGenBaseAndMask  stm32h7xx_hal_dma.o
    0x08000ce8   0x08000ce8   0x00000054   Code   RO         2440    i.DMA_CheckFifoParam  stm32h7xx_hal_dma.o
    0x08000d3c   0x08000d3c   0x00000220   Code   RO         2441    i.DMA_SetConfig     stm32h7xx_hal_dma.o
    0x08000f5c   0x08000f5c   0x00000002   Code   RO         1371    i.DebugMon_Handler  stm32h7xx_it.o
    0x08000f5e   0x08000f5e   0x00000004   Code   RO          957    i.Error_Handler     main.o
    0x08000f62   0x08000f62   0x00000054   Code   RO         1783    i.HAL_CRCEx_Polynomial_Set  stm32h7xx_hal_crc_ex.o
    0x08000fb6   0x08000fb6   0x00000002   PAD
    0x08000fb8   0x08000fb8   0x00000078   Code   RO         1717    i.HAL_CRC_Init      stm32h7xx_hal_crc.o
    0x08001030   0x08001030   0x00000028   Code   RO         1116    i.HAL_CRC_MspInit   crc.o
    0x08001058   0x08001058   0x00000360   Code   RO         2442    i.HAL_DMA_Abort     stm32h7xx_hal_dma.o
    0x080013b8   0x080013b8   0x00000284   Code   RO         2443    i.HAL_DMA_Abort_IT  stm32h7xx_hal_dma.o
    0x0800163c   0x0800163c   0x000006e8   Code   RO         2447    i.HAL_DMA_IRQHandler  stm32h7xx_hal_dma.o
    0x08001d24   0x08001d24   0x000003bc   Code   RO         2448    i.HAL_DMA_Init      stm32h7xx_hal_dma.o
    0x080020e0   0x080020e0   0x0000029c   Code   RO         2452    i.HAL_DMA_Start_IT  stm32h7xx_hal_dma.o
    0x0800237c   0x0800237c   0x0000021c   Code   RO         2290    i.HAL_GPIO_Init     stm32h7xx_hal_gpio.o
    0x08002598   0x08002598   0x00000010   Code   RO         2293    i.HAL_GPIO_TogglePin  stm32h7xx_hal_gpio.o
    0x080025a8   0x080025a8   0x0000000a   Code   RO         2294    i.HAL_GPIO_WritePin  stm32h7xx_hal_gpio.o
    0x080025b2   0x080025b2   0x00000002   PAD
    0x080025b4   0x080025b4   0x0000000c   Code   RO         3155    i.HAL_GetTick       stm32h7xx_hal.o
    0x080025c0   0x080025c0   0x0000001c   Code   RO          958    i.HAL_I2S_ErrorCallback  main.o
    0x080025dc   0x080025dc   0x00000170   Code   RO         4091    i.HAL_I2S_Init      stm32h7xx_hal_i2s.o
    0x0800274c   0x0800274c   0x00000230   Code   RO         1182    i.HAL_I2S_MspInit   i2s.o
    0x0800297c   0x0800297c   0x000000b4   Code   RO         4095    i.HAL_I2S_Receive_DMA  stm32h7xx_hal_i2s.o
    0x08002a30   0x08002a30   0x000000bc   Code   RO          959    i.HAL_I2S_RxCpltCallback  main.o
    0x08002aec   0x08002aec   0x00000094   Code   RO          960    i.HAL_I2S_RxHalfCpltCallback  main.o
    0x08002b80   0x08002b80   0x00000010   Code   RO         3161    i.HAL_IncTick       stm32h7xx_hal.o
    0x08002b90   0x08002b90   0x0000005c   Code   RO         3162    i.HAL_Init          stm32h7xx_hal.o
    0x08002bec   0x08002bec   0x00000040   Code   RO         3163    i.HAL_InitTick      stm32h7xx_hal.o
    0x08002c2c   0x08002c2c   0x00000020   Code   RO         1485    i.HAL_MspInit       stm32h7xx_hal_msp.o
    0x08002c4c   0x08002c4c   0x0000001a   Code   RO         1576    i.HAL_NVIC_EnableIRQ  stm32h7xx_hal_cortex.o
    0x08002c66   0x08002c66   0x00000002   PAD
    0x08002c68   0x08002c68   0x00000040   Code   RO         1582    i.HAL_NVIC_SetPriority  stm32h7xx_hal_cortex.o
    0x08002ca8   0x08002ca8   0x00000024   Code   RO         1583    i.HAL_NVIC_SetPriorityGrouping  stm32h7xx_hal_cortex.o
    0x08002ccc   0x08002ccc   0x00000054   Code   RO         2891    i.HAL_PWREx_ConfigSupply  stm32h7xx_hal_pwr_ex.o
    0x08002d20   0x08002d20   0x00000024   Code   RO         1933    i.HAL_RCCEx_GetD3PCLK1Freq  stm32h7xx_hal_rcc_ex.o
    0x08002d44   0x08002d44   0x00000148   Code   RO         1934    i.HAL_RCCEx_GetPLL1ClockFreq  stm32h7xx_hal_rcc_ex.o
    0x08002e8c   0x08002e8c   0x00000144   Code   RO         1935    i.HAL_RCCEx_GetPLL2ClockFreq  stm32h7xx_hal_rcc_ex.o
    0x08002fd0   0x08002fd0   0x00000144   Code   RO         1936    i.HAL_RCCEx_GetPLL3ClockFreq  stm32h7xx_hal_rcc_ex.o
    0x08003114   0x08003114   0x0000029c   Code   RO         1938    i.HAL_RCCEx_GetPeriphCLKFreq  stm32h7xx_hal_rcc_ex.o
    0x080033b0   0x080033b0   0x0000093a   Code   RO         1942    i.HAL_RCCEx_PeriphCLKConfig  stm32h7xx_hal_rcc_ex.o
    0x08003cea   0x08003cea   0x00000002   PAD
    0x08003cec   0x08003cec   0x0000025c   Code   RO         1818    i.HAL_RCC_ClockConfig  stm32h7xx_hal_rcc.o
    0x08003f48   0x08003f48   0x00000044   Code   RO         1823    i.HAL_RCC_GetHCLKFreq  stm32h7xx_hal_rcc.o
    0x08003f8c   0x08003f8c   0x00000024   Code   RO         1825    i.HAL_RCC_GetPCLK1Freq  stm32h7xx_hal_rcc.o
    0x08003fb0   0x08003fb0   0x00000024   Code   RO         1826    i.HAL_RCC_GetPCLK2Freq  stm32h7xx_hal_rcc.o
    0x08003fd4   0x08003fd4   0x00000138   Code   RO         1827    i.HAL_RCC_GetSysClockFreq  stm32h7xx_hal_rcc.o
    0x0800410c   0x0800410c   0x00000526   Code   RO         1830    i.HAL_RCC_OscConfig  stm32h7xx_hal_rcc.o
    0x08004632   0x08004632   0x00000026   Code   RO         1587    i.HAL_SYSTICK_Config  stm32h7xx_hal_cortex.o
    0x08004658   0x08004658   0x00000002   Code   RO         5033    i.HAL_TIMEx_Break2Callback  stm32h7xx_hal_tim_ex.o
    0x0800465a   0x0800465a   0x00000002   Code   RO         5034    i.HAL_TIMEx_BreakCallback  stm32h7xx_hal_tim_ex.o
    0x0800465c   0x0800465c   0x00000002   Code   RO         5035    i.HAL_TIMEx_CommutCallback  stm32h7xx_hal_tim_ex.o
    0x0800465e   0x0800465e   0x00000002   PAD
    0x08004660   0x08004660   0x000000b8   Code   RO         5056    i.HAL_TIMEx_MasterConfigSynchronization  stm32h7xx_hal_tim_ex.o
    0x08004718   0x08004718   0x00000062   Code   RO         4319    i.HAL_TIM_Base_Init  stm32h7xx_hal_tim.o
    0x0800477a   0x0800477a   0x00000002   PAD
    0x0800477c   0x0800477c   0x00000064   Code   RO         1236    i.HAL_TIM_Base_MspInit  tim.o
    0x080047e0   0x080047e0   0x000000a0   Code   RO         4324    i.HAL_TIM_Base_Start_IT  stm32h7xx_hal_tim.o
    0x08004880   0x08004880   0x000000fc   Code   RO         4328    i.HAL_TIM_ConfigClockSource  stm32h7xx_hal_tim.o
    0x0800497c   0x0800497c   0x00000002   Code   RO         4353    i.HAL_TIM_IC_CaptureCallback  stm32h7xx_hal_tim.o
    0x0800497e   0x0800497e   0x00000182   Code   RO         4367    i.HAL_TIM_IRQHandler  stm32h7xx_hal_tim.o
    0x08004b00   0x08004b00   0x00000002   Code   RO         4370    i.HAL_TIM_OC_DelayElapsedCallback  stm32h7xx_hal_tim.o
    0x08004b02   0x08004b02   0x00000002   Code   RO         4397    i.HAL_TIM_PWM_PulseFinishedCallback  stm32h7xx_hal_tim.o
    0x08004b04   0x08004b04   0x00000048   Code   RO          961    i.HAL_TIM_PeriodElapsedCallback  main.o
    0x08004b4c   0x08004b4c   0x00000002   Code   RO         4410    i.HAL_TIM_TriggerCallback  stm32h7xx_hal_tim.o
    0x08004b4e   0x08004b4e   0x00000040   Code   RO         5756    i.HAL_UARTEx_DisableFifoMode  stm32h7xx_hal_uart_ex.o
    0x08004b8e   0x08004b8e   0x00000002   Code   RO         5345    i.HAL_UARTEx_RxEventCallback  stm32h7xx_hal_uart.o
    0x08004b90   0x08004b90   0x00000002   Code   RO         5764    i.HAL_UARTEx_RxFifoFullCallback  stm32h7xx_hal_uart_ex.o
    0x08004b92   0x08004b92   0x0000004c   Code   RO         5765    i.HAL_UARTEx_SetRxFifoThreshold  stm32h7xx_hal_uart_ex.o
    0x08004bde   0x08004bde   0x0000004c   Code   RO         5766    i.HAL_UARTEx_SetTxFifoThreshold  stm32h7xx_hal_uart_ex.o
    0x08004c2a   0x08004c2a   0x00000002   Code   RO         5768    i.HAL_UARTEx_TxFifoEmptyCallback  stm32h7xx_hal_uart_ex.o
    0x08004c2c   0x08004c2c   0x00000002   Code   RO         5769    i.HAL_UARTEx_WakeupCallback  stm32h7xx_hal_uart_ex.o
    0x08004c2e   0x08004c2e   0x00000002   Code   RO         5361    i.HAL_UART_ErrorCallback  stm32h7xx_hal_uart.o
    0x08004c30   0x08004c30   0x00000388   Code   RO         5364    i.HAL_UART_IRQHandler  stm32h7xx_hal_uart.o
    0x08004fb8   0x08004fb8   0x0000006a   Code   RO         5365    i.HAL_UART_Init     stm32h7xx_hal_uart.o
    0x08005022   0x08005022   0x00000002   PAD
    0x08005024   0x08005024   0x000001b0   Code   RO         1284    i.HAL_UART_MspInit  usart.o
    0x080051d4   0x080051d4   0x000000b0   Code   RO         5374    i.HAL_UART_Transmit  stm32h7xx_hal_uart.o
    0x08005284   0x08005284   0x00000002   Code   RO         5377    i.HAL_UART_TxCpltCallback  stm32h7xx_hal_uart.o
    0x08005286   0x08005286   0x00000002   Code   RO         1372    i.HardFault_Handler  stm32h7xx_it.o
    0x08005288   0x08005288   0x00000028   Code   RO         4106    i.I2S_DMAError      stm32h7xx_hal_i2s.o
    0x080052b0   0x080052b0   0x00000022   Code   RO         4107    i.I2S_DMARxCplt     stm32h7xx_hal_i2s.o
    0x080052d2   0x080052d2   0x0000000a   Code   RO         4108    i.I2S_DMARxHalfCplt  stm32h7xx_hal_i2s.o
    0x080052dc   0x080052dc   0x00000038   Code   RO          962    i.Init_beep         main.o
    0x08005314   0x08005314   0x00000070   Code   RO          882    i.Init_my_mfcc      get_mfcc.o
    0x08005384   0x08005384   0x00000030   Code   RO         1117    i.MX_CRC_Init       crc.o
    0x080053b4   0x080053b4   0x0000005c   Code   RO         1157    i.MX_DMA_Init       dma.o
    0x08005410   0x08005410   0x000001b0   Code   RO         1091    i.MX_GPIO_Init      gpio.o
    0x080055c0   0x080055c0   0x00000040   Code   RO         1183    i.MX_I2S1_Init      i2s.o
    0x08005600   0x08005600   0x00000040   Code   RO         1184    i.MX_I2S2_Init      i2s.o
    0x08005640   0x08005640   0x00000040   Code   RO         1185    i.MX_I2S3_Init      i2s.o
    0x08005680   0x08005680   0x00000068   Code   RO         1237    i.MX_TIM3_Init      tim.o
    0x080056e8   0x080056e8   0x00000068   Code   RO         1238    i.MX_TIM4_Init      tim.o
    0x08005750   0x08005750   0x00000068   Code   RO         1285    i.MX_USART1_UART_Init  usart.o
    0x080057b8   0x080057b8   0x00000068   Code   RO         1286    i.MX_USART2_UART_Init  usart.o
    0x08005820   0x08005820   0x00000068   Code   RO         1287    i.MX_USART3_UART_Init  usart.o
    0x08005888   0x08005888   0x00000002   Code   RO         1343    i.MX_USB_OTG_HS_USB_Init  usb_otg.o
    0x0800588a   0x0800588a   0x00000002   PAD
    0x0800588c   0x0800588c   0x0000000c   Code   RO          435    i.MX_X_CUBE_AI_Init  app_x-cube-ai.o
    0x08005898   0x08005898   0x0000006c   Code   RO          436    i.MX_X_CUBE_AI_Process  app_x-cube-ai.o
    0x08005904   0x08005904   0x00000002   Code   RO         1373    i.MemManage_Handler  stm32h7xx_it.o
    0x08005906   0x08005906   0x00000002   Code   RO         1374    i.NMI_Handler       stm32h7xx_it.o
    0x08005908   0x08005908   0x00000002   Code   RO         1375    i.PendSV_Handler    stm32h7xx_it.o
    0x0800590a   0x0800590a   0x00000002   PAD
    0x0800590c   0x0800590c   0x00000120   Code   RO         1945    i.RCCEx_PLL2_Config  stm32h7xx_hal_rcc_ex.o
    0x08005a2c   0x08005a2c   0x00000120   Code   RO         1946    i.RCCEx_PLL3_Config  stm32h7xx_hal_rcc_ex.o
    0x08005b4c   0x08005b4c   0x00000002   Code   RO         1376    i.SVC_Handler       stm32h7xx_it.o
    0x08005b4e   0x08005b4e   0x00000004   Code   RO         1377    i.SysTick_Handler   stm32h7xx_it.o
    0x08005b52   0x08005b52   0x00000002   PAD
    0x08005b54   0x08005b54   0x0000009c   Code   RO          963    i.SystemClock_Config  main.o
    0x08005bf0   0x08005bf0   0x000000c0   Code   RO         5875    i.SystemInit        system_stm32h7xx.o
    0x08005cb0   0x08005cb0   0x0000000c   Code   RO         1378    i.TIM3_IRQHandler   stm32h7xx_it.o
    0x08005cbc   0x08005cbc   0x0000000c   Code   RO         1379    i.TIM4_IRQHandler   stm32h7xx_it.o
    0x08005cc8   0x08005cc8   0x000000d8   Code   RO         4412    i.TIM_Base_SetConfig  stm32h7xx_hal_tim.o
    0x08005da0   0x08005da0   0x00000012   Code   RO         4423    i.TIM_ETR_SetConfig  stm32h7xx_hal_tim.o
    0x08005db2   0x08005db2   0x00000002   PAD
    0x08005db4   0x08005db4   0x00000014   Code   RO         4424    i.TIM_ITRx_SetConfig  stm32h7xx_hal_tim.o
    0x08005dc8   0x08005dc8   0x00000022   Code   RO         4432    i.TIM_TI1_ConfigInputStage  stm32h7xx_hal_tim.o
    0x08005dea   0x08005dea   0x00000024   Code   RO         4434    i.TIM_TI2_ConfigInputStage  stm32h7xx_hal_tim.o
    0x08005e0e   0x08005e0e   0x00000002   PAD
    0x08005e10   0x08005e10   0x00000044   Code   RO         5770    i.UARTEx_SetNbDataToProcess  stm32h7xx_hal_uart_ex.o
    0x08005e54   0x08005e54   0x000000c8   Code   RO         5379    i.UART_AdvFeatureConfig  stm32h7xx_hal_uart.o
    0x08005f1c   0x08005f1c   0x000000aa   Code   RO         5380    i.UART_CheckIdleState  stm32h7xx_hal_uart.o
    0x08005fc6   0x08005fc6   0x00000014   Code   RO         5381    i.UART_DMAAbortOnError  stm32h7xx_hal_uart.o
    0x08005fda   0x08005fda   0x00000002   PAD
    0x08005fdc   0x08005fdc   0x00000054   Code   RO         5391    i.UART_EndRxTransfer  stm32h7xx_hal_uart.o
    0x08006030   0x08006030   0x000003dc   Code   RO         5397    i.UART_SetConfig    stm32h7xx_hal_uart.o
    0x0800640c   0x0800640c   0x0000008c   Code   RO         5404    i.UART_WaitOnFlagUntilTimeout  stm32h7xx_hal_uart.o
    0x08006498   0x08006498   0x0000000c   Code   RO         1380    i.USART1_IRQHandler  stm32h7xx_it.o
    0x080064a4   0x080064a4   0x0000000c   Code   RO         1381    i.USART2_IRQHandler  stm32h7xx_it.o
    0x080064b0   0x080064b0   0x00000030   Code   RO         1288    i.USART_printf      usart.o
    0x080064e0   0x080064e0   0x00000002   Code   RO         1382    i.UsageFault_Handler  stm32h7xx_it.o
    0x080064e2   0x080064e2   0x00000002   PAD
    0x080064e4   0x080064e4   0x00000020   Code   RO        13077    i.__0printf         mc_w.l(printfa.o)
    0x08006504   0x08006504   0x00000024   Code   RO        13083    i.__0vsprintf       mc_w.l(printfa.o)
    0x08006528   0x08006528   0x00000026   Code   RO        13159    i.__ARM_fpclassifyf  m_wv.l(fpclassifyf.o)
    0x0800654e   0x0800654e   0x00000022   Code   RO         1589    i.__NVIC_SetPriority  stm32h7xx_hal_cortex.o
    0x08006570   0x08006570   0x000000f8   Code   RO        12505    i.__ai_math_dot_array  NetworkRuntime730_CM7_Keil.lib(lite_dense_if32.o)
    0x08006668   0x08006668   0x0000005c   Code   RO        13109    i.__free$realloc    mc_w.l(mallocr.o)
    0x080066c4   0x080066c4   0x000001f4   Code   RO        12673    i.__hardfp_expf     m_wv.l(expf.o)
    0x080068b8   0x080068b8   0x0000017c   Code   RO        12719    i.__hardfp_logf     m_wv.l(logf.o)
    0x08006a34   0x08006a34   0x00000066   Code   RO        12771    i.__hardfp_sqrt     m_wv.l(sqrt.o)
    0x08006a9a   0x08006a9a   0x00000002   PAD
    0x08006a9c   0x08006a9c   0x00000050   Code   RO        13110    i.__malloc$realloc  mc_w.l(mallocr.o)
    0x08006aec   0x08006aec   0x00000018   Code   RO        13161    i.__mathlib_flt_divzero  m_wv.l(funder.o)
    0x08006b04   0x08006b04   0x00000006   Code   RO        13162    i.__mathlib_flt_infnan  m_wv.l(funder.o)
    0x08006b0a   0x08006b0a   0x00000002   PAD
    0x08006b0c   0x08006b0c   0x00000010   Code   RO        13164    i.__mathlib_flt_invalid  m_wv.l(funder.o)
    0x08006b1c   0x08006b1c   0x00000010   Code   RO        13165    i.__mathlib_flt_overflow  m_wv.l(funder.o)
    0x08006b2c   0x08006b2c   0x00000010   Code   RO        13167    i.__mathlib_flt_underflow  m_wv.l(funder.o)
    0x08006b3c   0x08006b3c   0x0000000e   Code   RO        13243    i.__scatterload_copy  mc_w.l(handlers.o)
    0x08006b4a   0x08006b4a   0x00000002   Code   RO        13244    i.__scatterload_null  mc_w.l(handlers.o)
    0x08006b4c   0x08006b4c   0x0000000e   Code   RO        13245    i.__scatterload_zeroinit  mc_w.l(handlers.o)
    0x08006b5a   0x08006b5a   0x00000002   PAD
    0x08006b5c   0x08006b5c   0x0000000c   Code   RO        13213    i.__set_errno       mc_w.l(errno.o)
    0x08006b68   0x08006b68   0x00000130   Code   RO        11766    i._ai_dict4_dot_array_f32  NetworkRuntime730_CM7_Keil.lib(layers_conv2d_generic_float.o)
    0x08006c98   0x08006c98   0x000000fc   Code   RO        11767    i._ai_dict8_dot_array_f32  NetworkRuntime730_CM7_Keil.lib(layers_conv2d_generic_float.o)
    0x08006d94   0x08006d94   0x00000012   Code   RO        12473    i._ai_forward_layer  NetworkRuntime730_CM7_Keil.lib(layers.o)
    0x08006da6   0x08006da6   0x00000004   Code   RO        11685    i._ai_platform_acquire_crc  NetworkRuntime730_CM7_Keil.lib(ai_platform_interface.o)
    0x08006daa   0x08006daa   0x00000002   PAD
    0x08006dac   0x08006dac   0x000000e0   Code   RO        11686    i._ai_platform_get_io_buffers_info  NetworkRuntime730_CM7_Keil.lib(ai_platform_interface.o)
    0x08006e8c   0x08006e8c   0x00000002   Code   RO        11687    i._ai_platform_release_crc  NetworkRuntime730_CM7_Keil.lib(ai_platform_interface.o)
    0x08006e8e   0x08006e8e   0x00000002   PAD
    0x08006e90   0x08006e90   0x00000184   Code   RO        13084    i._fp_digits        mc_w.l(printfa.o)
    0x08007014   0x08007014   0x000000a4   Code   RO        11809    i._lite_nl_softmax_if32of32  NetworkRuntime730_CM7_Keil.lib(layers_nl_generic_float.o)
    0x080070b8   0x080070b8   0x0000004a   Code   RO        11688    i._platform_ai_buffer_array_copy  NetworkRuntime730_CM7_Keil.lib(ai_platform_interface.o)
    0x08007102   0x08007102   0x00000002   PAD
    0x08007104   0x08007104   0x00000050   Code   RO        11689    i._platform_get_table_map_from_buffer  NetworkRuntime730_CM7_Keil.lib(ai_platform_interface.o)
    0x08007154   0x08007154   0x00000044   Code   RO        11690    i._platform_get_table_map_from_buffer_array  NetworkRuntime730_CM7_Keil.lib(ai_platform_interface.o)
    0x08007198   0x08007198   0x00000014   Code   RO        11691    i._platform_network_buffers_signature_valid  NetworkRuntime730_CM7_Keil.lib(ai_platform_interface.o)
    0x080071ac   0x080071ac   0x00000210   Code   RO        11692    i._platform_network_io_bind  NetworkRuntime730_CM7_Keil.lib(ai_platform_interface.o)
    0x080073bc   0x080073bc   0x0000003e   Code   RO        11693    i._platform_network_state_setup  NetworkRuntime730_CM7_Keil.lib(ai_platform_interface.o)
    0x080073fa   0x080073fa   0x0000006c   Code   RO        11694    i._platform_network_state_update_input  NetworkRuntime730_CM7_Keil.lib(ai_platform_interface.o)
    0x08007466   0x08007466   0x00000080   Code   RO        11695    i._platform_network_state_update_output  NetworkRuntime730_CM7_Keil.lib(ai_platform_interface.o)
    0x080074e6   0x080074e6   0x00000002   PAD
    0x080074e8   0x080074e8   0x000006b4   Code   RO        13085    i._printf_core      mc_w.l(printfa.o)
    0x08007b9c   0x08007b9c   0x00000024   Code   RO        13086    i._printf_post_padding  mc_w.l(printfa.o)
    0x08007bc0   0x08007bc0   0x0000002e   Code   RO        13087    i._printf_pre_padding  mc_w.l(printfa.o)
    0x08007bee   0x08007bee   0x0000000a   Code   RO        13089    i._sputc            mc_w.l(printfa.o)
    0x08007bf8   0x08007bf8   0x00000024   Code   RO          437    i.acquire_and_process_data  app_x-cube-ai.o
    0x08007c1c   0x08007c1c   0x0000003c   Code   RO        12003    i.ai_array_get_byte_size  NetworkRuntime730_CM7_Keil.lib(ai_datatypes_format.o)
    0x08007c58   0x08007c58   0x0000001e   Code   RO        12004    i.ai_array_get_data_byte_size  NetworkRuntime730_CM7_Keil.lib(ai_datatypes_format.o)
    0x08007c76   0x08007c76   0x00000002   PAD
    0x08007c78   0x08007c78   0x0000012c   Code   RO        12006    i.ai_array_to_buffer_fmt  NetworkRuntime730_CM7_Keil.lib(ai_datatypes_format.o)
    0x08007da4   0x08007da4   0x00000064   Code   RO          438    i.ai_boostrap       app_x-cube-ai.o
    0x08007e08   0x08007e08   0x00000024   Code   RO        11669    i.ai_buffer_array_item_set_address  NetworkRuntime730_CM7_Keil.lib(ai_platform.o)
    0x08007e2c   0x08007e2c   0x00000012   Code   RO        11670    i.ai_buffer_array_sane  NetworkRuntime730_CM7_Keil.lib(ai_platform.o)
    0x08007e3e   0x08007e3e   0x00000002   PAD
    0x08007e40   0x08007e40   0x00000068   Code   RO        11672    i.ai_buffer_get_size  NetworkRuntime730_CM7_Keil.lib(ai_platform.o)
    0x08007ea8   0x08007ea8   0x0000002c   Code   RO        12474    i.ai_check_custom_types  NetworkRuntime730_CM7_Keil.lib(layers.o)
    0x08007ed4   0x08007ed4   0x00000130   Code   RO        11768    i.ai_conv2d_kernel_depthwise_f32  NetworkRuntime730_CM7_Keil.lib(layers_conv2d_generic_float.o)
    0x08008004   0x08008004   0x00000180   Code   RO        11769    i.ai_conv2d_kernel_group_f32  NetworkRuntime730_CM7_Keil.lib(layers_conv2d_generic_float.o)
    0x08008184   0x08008184   0x00000172   Code   RO        11770    i.ai_conv2d_kernel_simple_opt_f32  NetworkRuntime730_CM7_Keil.lib(layers_conv2d_generic_float.o)
    0x080082f6   0x080082f6   0x00000002   PAD
    0x080082f8   0x080082f8   0x0000026c   Code   RO        11771    i.ai_conv2d_stripe_f32  NetworkRuntime730_CM7_Keil.lib(layers_conv2d_generic_float.o)
    0x08008564   0x08008564   0x0000007a   Code   RO        11774    i.ai_dict_decompress_f32  NetworkRuntime730_CM7_Keil.lib(layers_conv2d_generic_float.o)
    0x080085de   0x080085de   0x00000050   Code   RO        12478    i.ai_layers_forward_all  NetworkRuntime730_CM7_Keil.lib(layers.o)
    0x0800862e   0x0800862e   0x0000001e   Code   RO        12479    i.ai_layers_init_all  NetworkRuntime730_CM7_Keil.lib(layers.o)
    0x0800864c   0x0800864c   0x00000036   Code   RO        12480    i.ai_layers_post_init_all  NetworkRuntime730_CM7_Keil.lib(layers.o)
    0x08008682   0x08008682   0x00000002   PAD
    0x08008684   0x08008684   0x00000084   Code   RO          439    i.ai_log_err        app_x-cube-ai.o
    0x08008708   0x08008708   0x00000018   Code   RO           10    i.ai_network_create  network.o
    0x08008720   0x08008720   0x00000084   Code   RO           11    i.ai_network_create_and_init  network.o
    0x080087a4   0x080087a4   0x00000028   Code   RO          362    i.ai_network_data_params_get  network_data.o
    0x080087cc   0x080087cc   0x00000004   Code   RO           14    i.ai_network_get_error  network.o
    0x080087d0   0x080087d0   0x00000030   Code   RO           17    i.ai_network_init   network.o
    0x08008800   0x08008800   0x00000014   Code   RO           18    i.ai_network_inputs_get  network.o
    0x08008814   0x08008814   0x00000014   Code   RO           19    i.ai_network_outputs_get  network.o
    0x08008828   0x08008828   0x00000004   Code   RO           20    i.ai_network_run    network.o
    0x0800882c   0x0800882c   0x0000002c   Code   RO        11699    i.ai_platform_bind_network_params  NetworkRuntime730_CM7_Keil.lib(ai_platform_interface.o)
    0x08008858   0x08008858   0x0000001c   Code   RO        11700    i.ai_platform_context_acquire  NetworkRuntime730_CM7_Keil.lib(ai_platform_interface.o)
    0x08008874   0x08008874   0x0000002c   Code   RO        11702    i.ai_platform_get_activations_map  NetworkRuntime730_CM7_Keil.lib(ai_platform_interface.o)
    0x080088a0   0x080088a0   0x00000028   Code   RO        11703    i.ai_platform_get_weights_map  NetworkRuntime730_CM7_Keil.lib(ai_platform_interface.o)
    0x080088c8   0x080088c8   0x00000042   Code   RO        11704    i.ai_platform_inputs_get  NetworkRuntime730_CM7_Keil.lib(ai_platform_interface.o)
    0x0800890a   0x0800890a   0x00000002   PAD
    0x0800890c   0x0800890c   0x00000014   Code   RO        11705    i.ai_platform_interface_api_get_version  NetworkRuntime730_CM7_Keil.lib(ai_platform_interface.o)
    0x08008920   0x08008920   0x000000b4   Code   RO        11706    i.ai_platform_network_create  NetworkRuntime730_CM7_Keil.lib(ai_platform_interface.o)
    0x080089d4   0x080089d4   0x0000001c   Code   RO        11708    i.ai_platform_network_get_error  NetworkRuntime730_CM7_Keil.lib(ai_platform_interface.o)
    0x080089f0   0x080089f0   0x0000010c   Code   RO        11709    i.ai_platform_network_init  NetworkRuntime730_CM7_Keil.lib(ai_platform_interface.o)
    0x08008afc   0x08008afc   0x00000046   Code   RO        11710    i.ai_platform_network_post_init  NetworkRuntime730_CM7_Keil.lib(ai_platform_interface.o)
    0x08008b42   0x08008b42   0x00000054   Code   RO        11711    i.ai_platform_network_process  NetworkRuntime730_CM7_Keil.lib(ai_platform_interface.o)
    0x08008b96   0x08008b96   0x0000000c   Code   RO        11712    i.ai_platform_network_set_error  NetworkRuntime730_CM7_Keil.lib(ai_platform_interface.o)
    0x08008ba2   0x08008ba2   0x00000048   Code   RO        11718    i.ai_platform_outputs_get  NetworkRuntime730_CM7_Keil.lib(ai_platform_interface.o)
    0x08008bea   0x08008bea   0x0000001a   Code   RO        11810    i.ai_shape_get_size  NetworkRuntime730_CM7_Keil.lib(layers_nl_generic_float.o)
    0x08008c04   0x08008c04   0x0000000c   Code   RO        12027    i.ai_version_get    NetworkRuntime730_CM7_Keil.lib(ai_datatypes_internal.o)
    0x08008c10   0x08008c10   0x00000036   Code   RO         9666    i.arm_absmax_f32    statisticsfunctions.o
    0x08008c46   0x08008c46   0x00000002   PAD
    0x08008c48   0x08008c48   0x0000003e   Code   RO        10893    i.arm_bitreversal_32  transformfunctions.o
    0x08008c86   0x08008c86   0x000000cc   Code   RO        10898    i.arm_cfft_f32      transformfunctions.o
    0x08008d52   0x08008d52   0x00000002   PAD
    0x08008d54   0x08008d54   0x00000094   Code   RO        10900    i.arm_cfft_init_f32  transformfunctions.o
    0x08008de8   0x08008de8   0x00000192   Code   RO        10923    i.arm_cfft_radix8by2_f32  transformfunctions.o
    0x08008f7a   0x08008f7a   0x00000002   PAD
    0x08008f7c   0x08008f7c   0x0000045a   Code   RO        10924    i.arm_cfft_radix8by4_f32  transformfunctions.o
    0x080093d6   0x080093d6   0x00000002   PAD
    0x080093d8   0x080093d8   0x00000044   Code   RO         6830    i.arm_cmplx_mag_f32  complexmathfunctions.o
    0x0800941c   0x0800941c   0x00000024   Code   RO         5928    i.arm_dot_prod_f32  basicmathfunctions.o
    0x08009440   0x08009440   0x000000fc   Code   RO         8936    i.arm_mat_vec_mult_f32  matrixfunctions.o
    0x0800953c   0x0800953c   0x0000002e   Code   RO         9694    i.arm_max_f32       statisticsfunctions.o
    0x0800956a   0x0800956a   0x00000002   PAD
    0x0800956c   0x0800956c   0x000000f4   Code   RO        10931    i.arm_mfcc_f32      transformfunctions.o
    0x08009660   0x08009660   0x00000022   Code   RO        10932    i.arm_mfcc_init_f32  transformfunctions.o
    0x08009682   0x08009682   0x00000002   PAD
    0x08009684   0x08009684   0x0000001c   Code   RO         5933    i.arm_mult_f32      basicmathfunctions.o
    0x080096a0   0x080096a0   0x00000018   Code   RO         5946    i.arm_offset_f32    basicmathfunctions.o
    0x080096b8   0x080096b8   0x000004bc   Code   RO        10950    i.arm_radix8_butterfly_f32  transformfunctions.o
    0x08009b74   0x08009b74   0x0000002c   Code   RO        10951    i.arm_rfft_1024_fast_init_f32  transformfunctions.o
    0x08009ba0   0x08009ba0   0x00000028   Code   RO        10953    i.arm_rfft_128_fast_init_f32  transformfunctions.o
    0x08009bc8   0x08009bc8   0x0000002c   Code   RO        10955    i.arm_rfft_2048_fast_init_f32  transformfunctions.o
    0x08009bf4   0x08009bf4   0x00000028   Code   RO        10957    i.arm_rfft_256_fast_init_f32  transformfunctions.o
    0x08009c1c   0x08009c1c   0x00000028   Code   RO        10959    i.arm_rfft_32_fast_init_f32  transformfunctions.o
    0x08009c44   0x08009c44   0x0000002c   Code   RO        10961    i.arm_rfft_4096_fast_init_f32  transformfunctions.o
    0x08009c70   0x08009c70   0x0000002c   Code   RO        10963    i.arm_rfft_512_fast_init_f32  transformfunctions.o
    0x08009c9c   0x08009c9c   0x00000028   Code   RO        10965    i.arm_rfft_64_fast_init_f32  transformfunctions.o
    0x08009cc4   0x08009cc4   0x00000036   Code   RO        10968    i.arm_rfft_fast_f32  transformfunctions.o
    0x08009cfa   0x08009cfa   0x00000002   PAD
    0x08009cfc   0x08009cfc   0x00000078   Code   RO        10970    i.arm_rfft_fast_init_f32  transformfunctions.o
    0x08009d74   0x08009d74   0x00000018   Code   RO         5954    i.arm_scale_f32     basicmathfunctions.o
    0x08009d8c   0x08009d8c   0x00000020   Code   RO         7528    i.arm_vlog_f32      fastmathfunctions.o
    0x08009dac   0x08009dac   0x000000b8   Code   RO          883    i.cal_mfcc          get_mfcc.o
    0x08009e64   0x08009e64   0x0000019c   Code   RO         1509    i.cal_tdoa          get_tdoa.o
    0x0800a000   0x0800a000   0x0000000c   Code   RO        12489    i.core_get_error    NetworkRuntime730_CM7_Keil.lib(core_common.o)
    0x0800a00c   0x0800a00c   0x00000004   Code   RO        12490    i.core_init         NetworkRuntime730_CM7_Keil.lib(core_common.o)
    0x0800a010   0x0800a010   0x00000012   Code   RO        11776    i.core_nl_get_params_byte_size  NetworkRuntime730_CM7_Keil.lib(layers_conv2d_generic_float.o)
    0x0800a022   0x0800a022   0x00000012   Code   RO        11777    i.core_nl_get_params_ptr  NetworkRuntime730_CM7_Keil.lib(layers_conv2d_generic_float.o)
    0x0800a034   0x0800a034   0x00000010   Code   RO        11778    i.core_nl_get_params_stride  NetworkRuntime730_CM7_Keil.lib(layers_conv2d_generic_float.o)
    0x0800a044   0x0800a044   0x0000001a   Code   RO        12491    i.core_set_error    NetworkRuntime730_CM7_Keil.lib(core_common.o)
    0x0800a05e   0x0800a05e   0x00000058   Code   RO         1512    i.dot_prod_A_dot_conjB  get_tdoa.o
    0x0800a0b6   0x0800a0b6   0x00000038   Code   RO          440    i.findMode          app_x-cube-ai.o
    0x0800a0ee   0x0800a0ee   0x00000176   Code   RO        11987    i.forward_ap        NetworkRuntime730_CM7_Keil.lib(layers_pool_generic_float.o)
    0x0800a264   0x0800a264   0x00000480   Code   RO        11780    i.forward_conv2d_nl_pool  NetworkRuntime730_CM7_Keil.lib(layers_conv2d_generic_float.o)
    0x0800a6e4   0x0800a6e4   0x000001ec   Code   RO        11781    i.forward_dense     NetworkRuntime730_CM7_Keil.lib(layers_conv2d_generic_float.o)
    0x0800a8d0   0x0800a8d0   0x00000070   Code   RO        11844    i.forward_sm        NetworkRuntime730_CM7_Keil.lib(layers_nl_generic_float.o)
    0x0800a940   0x0800a940   0x00000018   Code   RO          964    i.fputc             main.o
    0x0800a958   0x0800a958   0x00000002   Code   RO        11784    i.func_dummy        NetworkRuntime730_CM7_Keil.lib(layers_conv2d_generic_float.o)
    0x0800a95a   0x0800a95a   0x00000002   PAD
    0x0800a95c   0x0800a95c   0x00000038   Code   RO         1514    i.get_max_rxy       get_tdoa.o
    0x0800a994   0x0800a994   0x00000028   Code   RO        12028    i.get_tensor_byte_size  NetworkRuntime730_CM7_Keil.lib(ai_datatypes_internal.o)
    0x0800a9bc   0x0800a9bc   0x00000050   Code   RO        13111    i.internal_alloc    mc_w.l(mallocr.o)
    0x0800aa0c   0x0800aa0c   0x0000007c   Code   RO        12506    i.lite_dense_if32of32wf32  NetworkRuntime730_CM7_Keil.lib(lite_dense_if32.o)
    0x0800aa88   0x0800aa88   0x0000015c   Code   RO          965    i.main              main.o
    0x0800abe4   0x0800abe4   0x000000a0   Code   RO        10983    i.merge_rfft_f32    transformfunctions.o
    0x0800ac84   0x0800ac84   0x000000a0   Code   RO           21    i.network_configure_activations  network.o
    0x0800ad24   0x0800ad24   0x000000e0   Code   RO           22    i.network_configure_weights  network.o
    0x0800ae04   0x0800ae04   0x00000038   Code   RO        11877    i.nl_func_relu_array_f32  NetworkRuntime730_CM7_Keil.lib(layers_nl_generic_float.o)
    0x0800ae3c   0x0800ae3c   0x0000007c   Code   RO        11990    i.pool_func_ap_kernel_array_f32  NetworkRuntime730_CM7_Keil.lib(layers_pool_generic_float.o)
    0x0800aeb8   0x0800aeb8   0x000001a0   Code   RO        11991    i.pool_func_mp_array_f32  NetworkRuntime730_CM7_Keil.lib(layers_pool_generic_float.o)
    0x0800b058   0x0800b058   0x00000170   Code   RO          441    i.post_process      app_x-cube-ai.o
    0x0800b1c8   0x0800b1c8   0x000000a6   Code   RO        10985    i.stage_rfft_f32    transformfunctions.o
    0x0800b26e   0x0800b26e   0x0000001a   Code   RO          966    i.trans_24_cmpl_src  main.o
    0x0800b288   0x0800b288   0x00000074   Code   RO          967    i.trans_audio_ori_1_to_float  main.o
    0x0800b2fc   0x0800b2fc   0x00000070   Code   RO          968    i.trans_audio_ori_to_float  main.o
    0x0800b36c   0x0800b36c   0x00000008   Data   RO           31    .constdata          network.o
    0x0800b374   0x0800b374   0x00000008   Data   RO           32    .constdata          network.o
    0x0800b37c   0x0800b37c   0x00000008   Data   RO           33    .constdata          network.o
    0x0800b384   0x0800b384   0x00000008   Data   RO           34    .constdata          network.o
    0x0800b38c   0x0800b38c   0x00000008   Data   RO           35    .constdata          network.o
    0x0800b394   0x0800b394   0x00000008   Data   RO           36    .constdata          network.o
    0x0800b39c   0x0800b39c   0x00000068   Data   RO          365    .constdata          network_data.o
    0x0800b404   0x0800b404   0x0000001c   PAD
    0x0800b420   0x0800b420   0x00016f10   Data   RO          415    .constdata          network_data_params.o
    0x08022330   0x08022330   0x00000004   Data   RO          444    .constdata          app_x-cube-ai.o
    0x08022334   0x08022334   0x00002000   Data   RO          923    .constdata          mfccdata.o
    0x08024334   0x08024334   0x00000800   Data   RO          924    .constdata          mfccdata.o
    0x08024b34   0x08024b34   0x00000100   Data   RO          925    .constdata          mfccdata.o
    0x08024c34   0x08024c34   0x00000100   Data   RO          926    .constdata          mfccdata.o
    0x08024d34   0x08024d34   0x000007d0   Data   RO          927    .constdata          mfccdata.o
    0x08025504   0x08025504   0x00000008   Data   RO         2454    .constdata          stm32h7xx_hal_dma.o
    0x0802550c   0x0802550c   0x00000018   Data   RO         5405    .constdata          stm32h7xx_hal_uart.o
    0x08025524   0x08025524   0x00000010   Data   RO         5771    .constdata          stm32h7xx_hal_uart_ex.o
    0x08025534   0x08025534   0x00000010   Data   RO         5876    .constdata          system_stm32h7xx.o
    0x08025544   0x08025544   0x00000080   Data   RO         6585    .constdata          commontables.o
    0x080255c4   0x080255c4   0x00000100   Data   RO         6586    .constdata          commontables.o
    0x080256c4   0x080256c4   0x00000200   Data   RO         6587    .constdata          commontables.o
    0x080258c4   0x080258c4   0x00000400   Data   RO         6588    .constdata          commontables.o
    0x08025cc4   0x08025cc4   0x00000800   Data   RO         6589    .constdata          commontables.o
    0x080264c4   0x080264c4   0x00001000   Data   RO         6590    .constdata          commontables.o
    0x080274c4   0x080274c4   0x00002000   Data   RO         6591    .constdata          commontables.o
    0x080294c4   0x080294c4   0x00004000   Data   RO         6592    .constdata          commontables.o
    0x0802d4c4   0x0802d4c4   0x00008000   Data   RO         6593    .constdata          commontables.o
    0x080354c4   0x080354c4   0x00000028   Data   RO         6621    .constdata          commontables.o
    0x080354ec   0x080354ec   0x00000060   Data   RO         6622    .constdata          commontables.o
    0x0803554c   0x0803554c   0x00000070   Data   RO         6623    .constdata          commontables.o
    0x080355bc   0x080355bc   0x000001a0   Data   RO         6624    .constdata          commontables.o
    0x0803575c   0x0803575c   0x00000370   Data   RO         6625    .constdata          commontables.o
    0x08035acc   0x08035acc   0x00000380   Data   RO         6626    .constdata          commontables.o
    0x08035e4c   0x08035e4c   0x00000e10   Data   RO         6627    .constdata          commontables.o
    0x08036c5c   0x08036c5c   0x00001dc0   Data   RO         6628    .constdata          commontables.o
    0x08038a1c   0x08038a1c   0x00001f80   Data   RO         6629    .constdata          commontables.o
    0x0803a99c   0x0803a99c   0x00000080   Data   RO         6647    .constdata          commontables.o
    0x0803aa1c   0x0803aa1c   0x00000100   Data   RO         6648    .constdata          commontables.o
    0x0803ab1c   0x0803ab1c   0x00000200   Data   RO         6649    .constdata          commontables.o
    0x0803ad1c   0x0803ad1c   0x00000400   Data   RO         6650    .constdata          commontables.o
    0x0803b11c   0x0803b11c   0x00000800   Data   RO         6651    .constdata          commontables.o
    0x0803b91c   0x0803b91c   0x00001000   Data   RO         6652    .constdata          commontables.o
    0x0803c91c   0x0803c91c   0x00002000   Data   RO         6653    .constdata          commontables.o
    0x0803e91c   0x0803e91c   0x00004000   Data   RO         6654    .constdata          commontables.o
    0x0804291c   0x0804291c   0x00000010   Data   RO         6701    .constdata          commontables.o
    0x0804292c   0x0804292c   0x00000010   Data   RO         6702    .constdata          commontables.o
    0x0804293c   0x0804293c   0x00000010   Data   RO         6703    .constdata          commontables.o
    0x0804294c   0x0804294c   0x00000010   Data   RO         6704    .constdata          commontables.o
    0x0804295c   0x0804295c   0x00000010   Data   RO         6705    .constdata          commontables.o
    0x0804296c   0x0804296c   0x00000010   Data   RO         6706    .constdata          commontables.o
    0x0804297c   0x0804297c   0x00000010   Data   RO         6707    .constdata          commontables.o
    0x0804298c   0x0804298c   0x00000010   Data   RO         6708    .constdata          commontables.o
    0x0804299c   0x0804299c   0x00000010   Data   RO         6709    .constdata          commontables.o
    0x080429ac   0x080429ac   0x0000006c   Data   RO        11721    .constdata          NetworkRuntime730_CM7_Keil.lib(ai_platform_interface.o)
    0x08042a18   0x08042a18   0x00000030   Data   RO        12676    .constdata          m_wv.l(expf.o)
    0x08042a48   0x08042a48   0x00000040   Data   RO        12722    .constdata          m_wv.l(logf.o)
    0x08042a88   0x08042a88   0x00000030   Data   RO        13241    Region$$Table       anon$$obj.o


    Execution Region RW_IRAM1 (Exec base: 0x20000000, Load base: 0x08042ab8, Size: 0x00010140, Max: 0x00020000, ABSOLUTE, COMPRESSED[0x0000037c])

    Exec Addr    Load Addr    Size         Type   Attr      Idx    E Section Name        Object

    0x20000000   COMPRESSED   0x00000010   Data   RW           39    .data               network.o
    0x20000010   COMPRESSED   0x00000010   Data   RW           40    .data               network.o
    0x20000020   COMPRESSED   0x00000010   Data   RW           41    .data               network.o
    0x20000030   COMPRESSED   0x00000010   Data   RW           42    .data               network.o
    0x20000040   COMPRESSED   0x00000010   Data   RW           43    .data               network.o
    0x20000050   COMPRESSED   0x00000010   Data   RW           44    .data               network.o
    0x20000060   COMPRESSED   0x00000010   Data   RW           45    .data               network.o
    0x20000070   COMPRESSED   0x00000010   Data   RW           46    .data               network.o
    0x20000080   COMPRESSED   0x00000010   Data   RW           47    .data               network.o
    0x20000090   COMPRESSED   0x00000010   Data   RW           48    .data               network.o
    0x200000a0   COMPRESSED   0x00000010   Data   RW           49    .data               network.o
    0x200000b0   COMPRESSED   0x00000010   Data   RW           50    .data               network.o
    0x200000c0   COMPRESSED   0x00000010   Data   RW           51    .data               network.o
    0x200000d0   COMPRESSED   0x00000010   Data   RW           52    .data               network.o
    0x200000e0   COMPRESSED   0x00000010   Data   RW           53    .data               network.o
    0x200000f0   COMPRESSED   0x00000010   Data   RW           54    .data               network.o
    0x20000100   COMPRESSED   0x00000010   Data   RW           55    .data               network.o
    0x20000110   COMPRESSED   0x00000010   Data   RW           56    .data               network.o
    0x20000120   COMPRESSED   0x00000010   Data   RW           57    .data               network.o
    0x20000130   COMPRESSED   0x00000010   Data   RW           58    .data               network.o
    0x20000140   COMPRESSED   0x00000010   Data   RW           59    .data               network.o
    0x20000150   COMPRESSED   0x00000010   Data   RW           60    .data               network.o
    0x20000160   COMPRESSED   0x00000010   Data   RW           61    .data               network.o
    0x20000170   COMPRESSED   0x00000010   Data   RW           62    .data               network.o
    0x20000180   COMPRESSED   0x00000010   Data   RW           63    .data               network.o
    0x20000190   COMPRESSED   0x00000010   Data   RW           64    .data               network.o
    0x200001a0   COMPRESSED   0x00000010   Data   RW           65    .data               network.o
    0x200001b0   COMPRESSED   0x00000010   Data   RW           66    .data               network.o
    0x200001c0   COMPRESSED   0x00000010   Data   RW           67    .data               network.o
    0x200001d0   COMPRESSED   0x00000010   Data   RW           68    .data               network.o
    0x200001e0   COMPRESSED   0x00000010   Data   RW           69    .data               network.o
    0x200001f0   COMPRESSED   0x00000010   Data   RW           70    .data               network.o
    0x20000200   COMPRESSED   0x00000010   Data   RW           71    .data               network.o
    0x20000210   COMPRESSED   0x00000010   Data   RW           72    .data               network.o
    0x20000220   COMPRESSED   0x00000010   Data   RW           73    .data               network.o
    0x20000230   COMPRESSED   0x00000010   Data   RW           74    .data               network.o
    0x20000240   COMPRESSED   0x00000004   Data   RW           75    .data               network.o
    0x20000244   COMPRESSED   0x00000004   Data   RW           76    .data               network.o
    0x20000248   COMPRESSED   0x00000004   Data   RW           77    .data               network.o
    0x2000024c   COMPRESSED   0x00000004   Data   RW           78    .data               network.o
    0x20000250   COMPRESSED   0x00000030   Data   RW           79    .data               network.o
    0x20000280   COMPRESSED   0x00000004   Data   RW           80    .data               network.o
    0x20000284   COMPRESSED   0x00000004   Data   RW           81    .data               network.o
    0x20000288   COMPRESSED   0x00000008   Data   RW           82    .data               network.o
    0x20000290   COMPRESSED   0x00000004   Data   RW           83    .data               network.o
    0x20000294   COMPRESSED   0x00000030   Data   RW           84    .data               network.o
    0x200002c4   COMPRESSED   0x00000004   Data   RW           85    .data               network.o
    0x200002c8   COMPRESSED   0x00000004   Data   RW           86    .data               network.o
    0x200002cc   COMPRESSED   0x00000004   Data   RW           87    .data               network.o
    0x200002d0   COMPRESSED   0x00000004   Data   RW           88    .data               network.o
    0x200002d4   COMPRESSED   0x00000030   Data   RW           89    .data               network.o
    0x20000304   COMPRESSED   0x00000004   Data   RW           90    .data               network.o
    0x20000308   COMPRESSED   0x00000004   Data   RW           91    .data               network.o
    0x2000030c   COMPRESSED   0x0000000c   Data   RW           92    .data               network.o
    0x20000318   COMPRESSED   0x00000004   Data   RW           93    .data               network.o
    0x2000031c   COMPRESSED   0x00000030   Data   RW           94    .data               network.o
    0x2000034c   COMPRESSED   0x00000010   Data   RW           95    .data               network.o
    0x2000035c   COMPRESSED   0x00000004   Data   RW           96    .data               network.o
    0x20000360   COMPRESSED   0x00000004   Data   RW           97    .data               network.o
    0x20000364   COMPRESSED   0x0000000c   Data   RW           98    .data               network.o
    0x20000370   COMPRESSED   0x00000004   Data   RW           99    .data               network.o
    0x20000374   COMPRESSED   0x00000030   Data   RW          100    .data               network.o
    0x200003a4   COMPRESSED   0x00000010   Data   RW          101    .data               network.o
    0x200003b4   COMPRESSED   0x00000004   Data   RW          102    .data               network.o
    0x200003b8   COMPRESSED   0x00000004   Data   RW          103    .data               network.o
    0x200003bc   COMPRESSED   0x0000000c   Data   RW          104    .data               network.o
    0x200003c8   COMPRESSED   0x00000004   Data   RW          105    .data               network.o
    0x200003cc   COMPRESSED   0x00000030   Data   RW          106    .data               network.o
    0x200003fc   COMPRESSED   0x00000010   Data   RW          107    .data               network.o
    0x2000040c   COMPRESSED   0x00000010   Data   RW          108    .data               network.o
    0x2000041c   COMPRESSED   0x0000001c   Data   RW          109    .data               network.o
    0x20000438   COMPRESSED   0x00000010   Data   RW          110    .data               network.o
    0x20000448   COMPRESSED   0x0000001c   Data   RW          111    .data               network.o
    0x20000464   COMPRESSED   0x00000008   Data   RW          112    .data               network.o
    0x2000046c   COMPRESSED   0x00000008   Data   RW          113    .data               network.o
    0x20000474   COMPRESSED   0x00000004   Data   RW          114    .data               network.o
    0x20000478   COMPRESSED   0x0000000c   Data   RW          115    .data               network.o
    0x20000484   COMPRESSED   0x00000004   Data   RW          116    .data               network.o
    0x20000488   COMPRESSED   0x0000000c   Data   RW          117    .data               network.o
    0x20000494   COMPRESSED   0x00000018   Data   RW          118    .data               network.o
    0x200004ac   COMPRESSED   0x00000174   Data   RW          119    .data               network.o
    0x20000620   COMPRESSED   0x0000001c   Data   RW          120    .data               network.o
    0x2000063c   COMPRESSED   0x0000001c   Data   RW          121    .data               network.o
    0x20000658   COMPRESSED   0x0000001c   Data   RW          122    .data               network.o
    0x20000674   COMPRESSED   0x0000001c   Data   RW          123    .data               network.o
    0x20000690   COMPRESSED   0x0000001c   Data   RW          124    .data               network.o
    0x200006ac   COMPRESSED   0x0000001c   Data   RW          125    .data               network.o
    0x200006c8   COMPRESSED   0x0000001c   Data   RW          126    .data               network.o
    0x200006e4   COMPRESSED   0x0000001c   Data   RW          127    .data               network.o
    0x20000700   COMPRESSED   0x0000001c   Data   RW          128    .data               network.o
    0x2000071c   COMPRESSED   0x0000001c   Data   RW          129    .data               network.o
    0x20000738   COMPRESSED   0x0000001c   Data   RW          130    .data               network.o
    0x20000754   COMPRESSED   0x0000001c   Data   RW          131    .data               network.o
    0x20000770   COMPRESSED   0x0000001c   Data   RW          132    .data               network.o
    0x2000078c   COMPRESSED   0x0000001c   Data   RW          133    .data               network.o
    0x200007a8   COMPRESSED   0x0000001c   Data   RW          134    .data               network.o
    0x200007c4   COMPRESSED   0x0000001c   Data   RW          135    .data               network.o
    0x200007e0   COMPRESSED   0x0000001c   Data   RW          136    .data               network.o
    0x200007fc   COMPRESSED   0x0000001c   Data   RW          137    .data               network.o
    0x20000818   COMPRESSED   0x00000020   Data   RW          138    .data               network.o
    0x20000838   COMPRESSED   0x0000001c   Data   RW          139    .data               network.o
    0x20000854   COMPRESSED   0x00000038   Data   RW          140    .data               network.o
    0x2000088c   COMPRESSED   0x0000005c   Data   RW          141    .data               network.o
    0x200008e8   COMPRESSED   0x0000005c   Data   RW          142    .data               network.o
    0x20000944   COMPRESSED   0x0000005c   Data   RW          143    .data               network.o
    0x200009a0   COMPRESSED   0x00000010   Data   RW          366    .data               network_data.o
    0x200009b0   COMPRESSED   0x00000010   Data   RW          367    .data               network_data.o
    0x200009c0   COMPRESSED   0x0000001c   Data   RW          368    .data               network_data.o
    0x200009dc   COMPRESSED   0x0000001c   Data   RW          369    .data               network_data.o
    0x200009f8   COMPRESSED   0x0000001c   Data   RW          445    .data               app_x-cube-ai.o
    0x20000a14   COMPRESSED   0x00000014   Data   RW          970    .data               main.o
    0x20000a28   COMPRESSED   0x0000000c   Data   RW         3186    .data               stm32h7xx_hal.o
    0x20000a34   COMPRESSED   0x00000008   Data   RW         5877    .data               system_stm32h7xx.o
    0x20000a3c   COMPRESSED   0x00000004   Data   RW        13204    .data               mc_w.l(stdout.o)
    0x20000a40   COMPRESSED   0x00000004   Data   RW        13209    .data               mc_w.l(mvars.o)
    0x20000a44   COMPRESSED   0x00000004   Data   RW        13210    .data               mc_w.l(mvars.o)
    0x20000a48   COMPRESSED   0x00000004   Data   RW        13214    .data               mc_w.l(errno.o)
    0x20000a4c        -       0x00000010   Zero   RW           23    .bss                network.o
    0x20000a5c        -       0x00000010   Zero   RW           24    .bss                network.o
    0x20000a6c        -       0x00000010   Zero   RW           25    .bss                network.o
    0x20000a7c        -       0x00000010   Zero   RW           26    .bss                network.o
    0x20000a8c        -       0x0000001c   Zero   RW           27    .bss                network.o
    0x20000aa8        -       0x00000010   Zero   RW           28    .bss                network.o
    0x20000ab8        -       0x0000001c   Zero   RW           29    .bss                network.o
    0x20000ad4        -       0x00000010   Zero   RW           30    .bss                network.o
    0x20000ae4        -       0x0000007c   Zero   RW          442    .bss                app_x-cube-ai.o
    0x20000b60        -       0x00009000   Zero   RW          443    .bss                app_x-cube-ai.o
    0x20009b60        -       0x00000024   Zero   RW         1118    .bss                crc.o
    0x20009b84        -       0x00000264   Zero   RW         1186    .bss                i2s.o
    0x20009de8        -       0x00000098   Zero   RW         1239    .bss                tim.o
    0x20009e80        -       0x000002bc   Zero   RW         1289    .bss                usart.o
    0x2000a13c        -       0x00004000   Zero   RW         1515    .bss                get_tdoa.o
    0x2000e13c   COMPRESSED   0x00000004   PAD
    0x2000e140        -       0x00000000   Zero   RW            2    HEAP                startup_stm32h723xx.o
    0x2000e140        -       0x00002000   Zero   RW            1    STACK               startup_stm32h723xx.o


    Execution Region RW_IRAM2 (Exec base: 0x24000000, Load base: 0x08042e34, Size: 0x0004b63c, Max: 0x00050000, ABSOLUTE)

    Exec Addr    Load Addr    Size         Type   Attr      Idx    E Section Name        Object

    0x24000000        -       0x0004b63c   Zero   RW          969    .bss                main.o


==============================================================================

Image component sizes


      Code (inc. data)   RO Data    RW Data    ZI Data      Debug   Object Name

       812        278          4         28      36988      28100   app_x-cube-ai.o
       112          4          0          0          0       4479   basicmathfunctions.o
         0          0     119912          0          0      13417   commontables.o
        68          6          0          0          0       1988   complexmathfunctions.o
        88         18          0          0         36       1667   crc.o
        92          4          0          0          0        934   dma.o
        32          0          0          0          0       1115   fastmathfunctions.o
       296         66          0          0          0       1926   get_mfcc.o
       556         66          0          0      16384       3648   get_tdoa.o
       432         30          0          0          0       1291   gpio.o
       752         64          0          0        612       3710   i2s.o
         0          0          0          0          0    1177245   key.o
      1278        244          0         20     308796      45907   main.o
       252          4          0          0          0       2203   matrixfunctions.o
         0          0      12752          0          0        965   mfccdata.o
       636         46         48       2464        152      61317   network.o
        40          4        104         88          0      15205   network_data.o
         0          0      93968          0          0      14626   network_data_params.o
        36          8        716          0       8192        848   startup_stm32h723xx.o
       100          0          0          0          0       2427   statisticsfunctions.o
       184         36          0         12          0      23145   stm32h7xx_hal.o
       198         12          0          0          0      39683   stm32h7xx_hal_cortex.o
       120          6          0          0          0       1311   stm32h7xx_hal_crc.o
        84          0          0          0          0       1423   stm32h7xx_hal_crc_ex.o
      5980        242          8          0          0      12178   stm32h7xx_hal_dma.o
       566         44          0          0          0       3005   stm32h7xx_hal_gpio.o
       632         24          0          0          0       4505   stm32h7xx_hal_i2s.o
        32          4          0          0          0        934   stm32h7xx_hal_msp.o
        84          6          0          0          0        801   stm32h7xx_hal_pwr_ex.o
      2374        102          0          0          0       7220   stm32h7xx_hal_rcc.o
      4618        166          0          0          0      10591   stm32h7xx_hal_rcc_ex.o
      1228        100          0          0          0      10565   stm32h7xx_hal_tim.o
       190         38          0          0          0       3332   stm32h7xx_hal_tim_ex.o
      2794        148         24          0          0      31432   stm32h7xx_hal_uart.o
       290          6         16          0          0       5614   stm32h7xx_hal_uart_ex.o
       104         42          0          0          0       7652   stm32h7xx_it.o
       192         34         16          8          0       1534   system_stm32h7xx.o
       308         32          0          0        152       2571   tim.o
      4256        130          0          0          0      24003   transformfunctions.o
       792         68          0          0        700       4235   usart.o
         2          0          0          0          0        477   usb_otg.o

    ----------------------------------------------------------------------
     30654       2082     227644       2620     372016    1579229   Object Totals
         0          0         48          0          0          0   (incl. Generated)
        44          0         28          0          4          0   (incl. Padding)

    ----------------------------------------------------------------------

      Code (inc. data)   RO Data    RW Data    ZI Data      Debug   Library Member Name

       390         54          0          0          0        368   ai_datatypes_format.o
        52          6          0          0          0        244   ai_datatypes_internal.o
       158          8          0          0          0        368   ai_platform.o
      2750        110        108          0          0       3396   ai_platform_interface.o
        42          0          0          0          0        348   core_common.o
       226          6          0          0          0        628   layers.o
      4054         36          0          0          0       1796   layers_conv2d_generic_float.o
       358         10          0          0          0        528   layers_nl_generic_float.o
       914          4          0          0          0        424   layers_pool_generic_float.o
       372          8          0          0          0        272   lite_dense_if32.o
       500         74         48          0          0        236   expf.o
        38          0          0          0          0        116   fpclassifyf.o
        78         28          0          0          0        580   funder.o
       380         56         64          0          0        140   logf.o
       102          0          0          0          0        140   sqrt.o
        86          0          0          0          0          0   __dczerorl2.o
         0          0          0          0          0          0   entry.o
         0          0          0          0          0          0   entry10a.o
         0          0          0          0          0          0   entry11a.o
         4          0          0          0          0          0   entry12b.o
         8          4          0          0          0          0   entry2.o
         4          0          0          0          0          0   entry5.o
         0          0          0          0          0          0   entry7b.o
         0          0          0          0          0          0   entry8b.o
         8          4          0          0          0          0   entry9a.o
        12          6          0          4          0         68   errno.o
        30          0          0          0          0          0   handlers.o
        36          8          0          0          0         68   init.o
         0          0          0          0          0          0   iusefp.o
        30          0          0          0          0         68   llshl.o
        36          0          0          0          0         68   llsshr.o
        32          0          0          0          0         68   llushr.o
       252         24          0          0          0        252   mallocr.o
        26          0          0          0          0         80   memcmp.o
        36          0          0          0          0         68   memcpya.o
        36          0          0          0          0        108   memseta.o
         0          0          0          8          0          0   mvars.o
      2264         96          0          0          0        612   printfa.o
         0          0          0          4          0          0   stdout.o
        14          0          0          0          0         68   strlen.o
        44          0          0          0          0         80   uidiv.o
        98          0          0          0          0         92   uldiv.o
        48          0          0          0          0         68   cdrcmple.o
       334          0          0          0          0        148   dadd.o
       222          0          0          0          0        100   ddiv.o
       186          0          0          0          0        176   depilogue.o
        48          0          0          0          0         68   dfixul.o
       228          0          0          0          0         96   dmul.o

    ----------------------------------------------------------------------
     14562        542        220         16          0      11940   Library Totals
        26          0          0          0          0          0   (incl. Padding)

    ----------------------------------------------------------------------

      Code (inc. data)   RO Data    RW Data    ZI Data      Debug   Library Name

      9316        242        108          0          0       8372   NetworkRuntime730_CM7_Keil.lib
      1098        158        112          0          0       1212   m_wv.l
      3056        142          0         16          0       1700   mc_w.l
      1066          0          0          0          0        656   mf_w.l

    ----------------------------------------------------------------------
     14562        542        220         16          0      11940   Library Totals

    ----------------------------------------------------------------------

==============================================================================


      Code (inc. data)   RO Data    RW Data    ZI Data      Debug   

     45216       2624     227864       2636     372016    1566957   Grand Totals
     45216       2624     227864        892     372016    1566957   ELF Image Totals (compressed)
     45216       2624     227864        892          0          0   ROM Totals

==============================================================================

    Total RO  Size (Code + RO Data)               273080 ( 266.68kB)
    Total RW  Size (RW Data + ZI Data)            374652 ( 365.87kB)
    Total ROM Size (Code + RO Data + RW Data)     273972 ( 267.55kB)

==============================================================================

